&wit.Resolve{
    Worlds: {
        &wit.World{
            _typeOwner: wit._typeOwner{},
            Name:       "bar-a",
            Imports:    {
                "interface-0": &wit.Interface{
                    _typeOwner: wit._typeOwner{},
                    _worldItem: wit._worldItem{},
                    Name:       &"a",
                    TypeDefs:   {},
                    Functions:  {},
                    Package:    &wit.Package{
                        Name: wit.Ident{
                            Namespace: "foo",
                            Package:   "bar",
                            Extension: "",
                            Version:   (*semver.Version)(nil),
                        },
                        Interfaces: {
                            "a": &wit.Interface{(CYCLIC REFERENCE)},
                            "b": &wit.Interface{
                                _typeOwner: wit._typeOwner{},
                                _worldItem: wit._worldItem{},
                                Name:       &"b",
                                TypeDefs:   {},
                                Functions:  {},
                                Package:    &wit.Package{(CYCLIC REFERENCE)},
                                Docs:       wit.Docs{},
                            },
                        },
                        Worlds: {
                            "bar-a": &wit.World{(CYCLIC REFERENCE)},
                        },
                        Docs: wit.Docs{},
                    },
                    Docs: wit.Docs{},
                },
                "interface-1": &wit.Interface{
                    _typeOwner: wit._typeOwner{},
                    _worldItem: wit._worldItem{},
                    Name:       &"b",
                    TypeDefs:   {},
                    Functions:  {},
                    Package:    &wit.Package{
                        Name: wit.Ident{
                            Namespace: "foo",
                            Package:   "bar",
                            Extension: "",
                            Version:   (*semver.Version)(nil),
                        },
                        Interfaces: {
                            "a": &wit.Interface{(CYCLIC REFERENCE)},
                            "b": &wit.Interface{(CYCLIC REFERENCE)},
                        },
                        Worlds: {
                            "bar-a": &wit.World{(CYCLIC REFERENCE)},
                        },
                        Docs: wit.Docs{},
                    },
                    Docs: wit.Docs{},
                },
            },
            Exports: {},
            Package: &wit.Package{
                Name: wit.Ident{
                    Namespace: "foo",
                    Package:   "bar",
                    Extension: "",
                    Version:   (*semver.Version)(nil),
                },
                Interfaces: {
                    "a": &wit.Interface{
                        _typeOwner: wit._typeOwner{},
                        _worldItem: wit._worldItem{},
                        Name:       &"a",
                        TypeDefs:   {},
                        Functions:  {},
                        Package:    &wit.Package{(CYCLIC REFERENCE)},
                        Docs:       wit.Docs{},
                    },
                    "b": &wit.Interface{
                        _typeOwner: wit._typeOwner{},
                        _worldItem: wit._worldItem{},
                        Name:       &"b",
                        TypeDefs:   {},
                        Functions:  {},
                        Package:    &wit.Package{(CYCLIC REFERENCE)},
                        Docs:       wit.Docs{},
                    },
                },
                Worlds: {
                    "bar-a": &wit.World{(CYCLIC REFERENCE)},
                },
                Docs: wit.Docs{},
            },
            Docs: wit.Docs{},
        },
        &wit.World{
            _typeOwner: wit._typeOwner{},
            Name:       "baz-a",
            Imports:    {
                "interface-2": &wit.Interface{
                    _typeOwner: wit._typeOwner{},
                    _worldItem: wit._worldItem{},
                    Name:       &"a",
                    TypeDefs:   {},
                    Functions:  {},
                    Package:    &wit.Package{
                        Name: wit.Ident{
                            Namespace: "foo",
                            Package:   "baz",
                            Extension: "",
                            Version:   (*semver.Version)(nil),
                        },
                        Interfaces: {
                            "a": &wit.Interface{(CYCLIC REFERENCE)},
                            "b": &wit.Interface{
                                _typeOwner: wit._typeOwner{},
                                _worldItem: wit._worldItem{},
                                Name:       &"b",
                                TypeDefs:   {},
                                Functions:  {},
                                Package:    &wit.Package{(CYCLIC REFERENCE)},
                                Docs:       wit.Docs{},
                            },
                        },
                        Worlds: {
                            "baz-a": &wit.World{(CYCLIC REFERENCE)},
                        },
                        Docs: wit.Docs{},
                    },
                    Docs: wit.Docs{},
                },
                "interface-3": &wit.Interface{
                    _typeOwner: wit._typeOwner{},
                    _worldItem: wit._worldItem{},
                    Name:       &"b",
                    TypeDefs:   {},
                    Functions:  {},
                    Package:    &wit.Package{
                        Name: wit.Ident{
                            Namespace: "foo",
                            Package:   "baz",
                            Extension: "",
                            Version:   (*semver.Version)(nil),
                        },
                        Interfaces: {
                            "a": &wit.Interface{(CYCLIC REFERENCE)},
                            "b": &wit.Interface{(CYCLIC REFERENCE)},
                        },
                        Worlds: {
                            "baz-a": &wit.World{(CYCLIC REFERENCE)},
                        },
                        Docs: wit.Docs{},
                    },
                    Docs: wit.Docs{},
                },
            },
            Exports: {},
            Package: &wit.Package{
                Name: wit.Ident{
                    Namespace: "foo",
                    Package:   "baz",
                    Extension: "",
                    Version:   (*semver.Version)(nil),
                },
                Interfaces: {
                    "a": &wit.Interface{
                        _typeOwner: wit._typeOwner{},
                        _worldItem: wit._worldItem{},
                        Name:       &"a",
                        TypeDefs:   {},
                        Functions:  {},
                        Package:    &wit.Package{(CYCLIC REFERENCE)},
                        Docs:       wit.Docs{},
                    },
                    "b": &wit.Interface{
                        _typeOwner: wit._typeOwner{},
                        _worldItem: wit._worldItem{},
                        Name:       &"b",
                        TypeDefs:   {},
                        Functions:  {},
                        Package:    &wit.Package{(CYCLIC REFERENCE)},
                        Docs:       wit.Docs{},
                    },
                },
                Worlds: {
                    "baz-a": &wit.World{(CYCLIC REFERENCE)},
                },
                Docs: wit.Docs{},
            },
            Docs: wit.Docs{},
        },
        &wit.World{
            _typeOwner: wit._typeOwner{},
            Name:       "a",
            Imports:    {
                "interface-4": &wit.Interface{
                    _typeOwner: wit._typeOwner{},
                    _worldItem: wit._worldItem{},
                    Name:       &"ai",
                    TypeDefs:   {},
                    Functions:  {},
                    Package:    &wit.Package{
                        Name: wit.Ident{
                            Namespace: "foo",
                            Package:   "root",
                            Extension: "",
                            Version:   (*semver.Version)(nil),
                        },
                        Interfaces: {
                            "ai": &wit.Interface{(CYCLIC REFERENCE)},
                            "bi": &wit.Interface{
                                _typeOwner: wit._typeOwner{},
                                _worldItem: wit._worldItem{},
                                Name:       &"bi",
                                TypeDefs:   {},
                                Functions:  {},
                                Package:    &wit.Package{(CYCLIC REFERENCE)},
                                Docs:       wit.Docs{},
                            },
                        },
                        Worlds: {
                            "a": &wit.World{(CYCLIC REFERENCE)},
                            "b": &wit.World{
                                _typeOwner: wit._typeOwner{},
                                Name:       "b",
                                Imports:    {
                                    "interface-0": &wit.Interface{(CYCLIC REFERENCE)},
                                    "interface-1": &wit.Interface{(CYCLIC REFERENCE)},
                                },
                                Exports: {},
                                Package: &wit.Package{(CYCLIC REFERENCE)},
                                Docs:    wit.Docs{},
                            },
                            "c": &wit.World{
                                _typeOwner: wit._typeOwner{},
                                Name:       "c",
                                Imports:    {
                                    "interface-0": &wit.Interface{(CYCLIC REFERENCE)},
                                    "interface-1": &wit.Interface{(CYCLIC REFERENCE)},
                                },
                                Exports: {},
                                Package: &wit.Package{(CYCLIC REFERENCE)},
                                Docs:    wit.Docs{},
                            },
                            "union-world": &wit.World{
                                _typeOwner: wit._typeOwner{},
                                Name:       "union-world",
                                Imports:    {
                                    "interface-0": &wit.Interface{(CYCLIC REFERENCE)},
                                    "interface-1": &wit.Interface{(CYCLIC REFERENCE)},
                                    "interface-2": &wit.Interface{(CYCLIC REFERENCE)},
                                    "interface-3": &wit.Interface{(CYCLIC REFERENCE)},
                                    "interface-4": &wit.Interface{(CYCLIC REFERENCE)},
                                    "interface-5": &wit.Interface{(CYCLIC REFERENCE)},
                                },
                                Exports: {},
                                Package: &wit.Package{(CYCLIC REFERENCE)},
                                Docs:    wit.Docs{},
                            },
                        },
                        Docs: wit.Docs{},
                    },
                    Docs: wit.Docs{},
                },
                "interface-5": &wit.Interface{
                    _typeOwner: wit._typeOwner{},
                    _worldItem: wit._worldItem{},
                    Name:       &"bi",
                    TypeDefs:   {},
                    Functions:  {},
                    Package:    &wit.Package{
                        Name: wit.Ident{
                            Namespace: "foo",
                            Package:   "root",
                            Extension: "",
                            Version:   (*semver.Version)(nil),
                        },
                        Interfaces: {
                            "ai": &wit.Interface{(CYCLIC REFERENCE)},
                            "bi": &wit.Interface{(CYCLIC REFERENCE)},
                        },
                        Worlds: {
                            "a": &wit.World{(CYCLIC REFERENCE)},
                            "b": &wit.World{
                                _typeOwner: wit._typeOwner{},
                                Name:       "b",
                                Imports:    {
                                    "interface-0": &wit.Interface{(CYCLIC REFERENCE)},
                                    "interface-1": &wit.Interface{(CYCLIC REFERENCE)},
                                },
                                Exports: {},
                                Package: &wit.Package{(CYCLIC REFERENCE)},
                                Docs:    wit.Docs{},
                            },
                            "c": &wit.World{
                                _typeOwner: wit._typeOwner{},
                                Name:       "c",
                                Imports:    {
                                    "interface-0": &wit.Interface{(CYCLIC REFERENCE)},
                                    "interface-1": &wit.Interface{(CYCLIC REFERENCE)},
                                },
                                Exports: {},
                                Package: &wit.Package{(CYCLIC REFERENCE)},
                                Docs:    wit.Docs{},
                            },
                            "union-world": &wit.World{
                                _typeOwner: wit._typeOwner{},
                                Name:       "union-world",
                                Imports:    {
                                    "interface-0": &wit.Interface{(CYCLIC REFERENCE)},
                                    "interface-1": &wit.Interface{(CYCLIC REFERENCE)},
                                    "interface-2": &wit.Interface{(CYCLIC REFERENCE)},
                                    "interface-3": &wit.Interface{(CYCLIC REFERENCE)},
                                    "interface-4": &wit.Interface{(CYCLIC REFERENCE)},
                                    "interface-5": &wit.Interface{(CYCLIC REFERENCE)},
                                },
                                Exports: {},
                                Package: &wit.Package{(CYCLIC REFERENCE)},
                                Docs:    wit.Docs{},
                            },
                        },
                        Docs: wit.Docs{},
                    },
                    Docs: wit.Docs{},
                },
            },
            Exports: {},
            Package: &wit.Package{
                Name: wit.Ident{
                    Namespace: "foo",
                    Package:   "root",
                    Extension: "",
                    Version:   (*semver.Version)(nil),
                },
                Interfaces: {
                    "ai": &wit.Interface{
                        _typeOwner: wit._typeOwner{},
                        _worldItem: wit._worldItem{},
                        Name:       &"ai",
                        TypeDefs:   {},
                        Functions:  {},
                        Package:    &wit.Package{(CYCLIC REFERENCE)},
                        Docs:       wit.Docs{},
                    },
                    "bi": &wit.Interface{
                        _typeOwner: wit._typeOwner{},
                        _worldItem: wit._worldItem{},
                        Name:       &"bi",
                        TypeDefs:   {},
                        Functions:  {},
                        Package:    &wit.Package{(CYCLIC REFERENCE)},
                        Docs:       wit.Docs{},
                    },
                },
                Worlds: {
                    "a": &wit.World{(CYCLIC REFERENCE)},
                    "b": &wit.World{
                        _typeOwner: wit._typeOwner{},
                        Name:       "b",
                        Imports:    {
                            "interface-0": &wit.Interface{(CYCLIC REFERENCE)},
                            "interface-1": &wit.Interface{(CYCLIC REFERENCE)},
                        },
                        Exports: {},
                        Package: &wit.Package{(CYCLIC REFERENCE)},
                        Docs:    wit.Docs{},
                    },
                    "c": &wit.World{
                        _typeOwner: wit._typeOwner{},
                        Name:       "c",
                        Imports:    {
                            "interface-0": &wit.Interface{(CYCLIC REFERENCE)},
                            "interface-1": &wit.Interface{(CYCLIC REFERENCE)},
                        },
                        Exports: {},
                        Package: &wit.Package{(CYCLIC REFERENCE)},
                        Docs:    wit.Docs{},
                    },
                    "union-world": &wit.World{
                        _typeOwner: wit._typeOwner{},
                        Name:       "union-world",
                        Imports:    {
                            "interface-0": &wit.Interface{(CYCLIC REFERENCE)},
                            "interface-1": &wit.Interface{(CYCLIC REFERENCE)},
                            "interface-2": &wit.Interface{(CYCLIC REFERENCE)},
                            "interface-3": &wit.Interface{(CYCLIC REFERENCE)},
                            "interface-4": &wit.Interface{(CYCLIC REFERENCE)},
                            "interface-5": &wit.Interface{(CYCLIC REFERENCE)},
                        },
                        Exports: {},
                        Package: &wit.Package{(CYCLIC REFERENCE)},
                        Docs:    wit.Docs{},
                    },
                },
                Docs: wit.Docs{},
            },
            Docs: wit.Docs{},
        },
        &wit.World{
            _typeOwner: wit._typeOwner{},
            Name:       "b",
            Imports:    {
                "interface-0": &wit.Interface{
                    _typeOwner: wit._typeOwner{},
                    _worldItem: wit._worldItem{},
                    Name:       &"a",
                    TypeDefs:   {},
                    Functions:  {},
                    Package:    &wit.Package{(CYCLIC REFERENCE)},
                    Docs:       wit.Docs{},
                },
                "interface-1": &wit.Interface{
                    _typeOwner: wit._typeOwner{},
                    _worldItem: wit._worldItem{},
                    Name:       &"b",
                    TypeDefs:   {},
                    Functions:  {},
                    Package:    &wit.Package{(CYCLIC REFERENCE)},
                    Docs:       wit.Docs{},
                },
            },
            Exports: {},
            Package: &wit.Package{
                Name: wit.Ident{
                    Namespace: "foo",
                    Package:   "root",
                    Extension: "",
                    Version:   (*semver.Version)(nil),
                },
                Interfaces: {
                    "ai": &wit.Interface{
                        _typeOwner: wit._typeOwner{},
                        _worldItem: wit._worldItem{},
                        Name:       &"ai",
                        TypeDefs:   {},
                        Functions:  {},
                        Package:    &wit.Package{(CYCLIC REFERENCE)},
                        Docs:       wit.Docs{},
                    },
                    "bi": &wit.Interface{
                        _typeOwner: wit._typeOwner{},
                        _worldItem: wit._worldItem{},
                        Name:       &"bi",
                        TypeDefs:   {},
                        Functions:  {},
                        Package:    &wit.Package{(CYCLIC REFERENCE)},
                        Docs:       wit.Docs{},
                    },
                },
                Worlds: {
                    "a": &wit.World{(CYCLIC REFERENCE)},
                    "b": &wit.World{(CYCLIC REFERENCE)},
                    "c": &wit.World{
                        _typeOwner: wit._typeOwner{},
                        Name:       "c",
                        Imports:    {
                            "interface-0": &wit.Interface{(CYCLIC REFERENCE)},
                            "interface-1": &wit.Interface{(CYCLIC REFERENCE)},
                        },
                        Exports: {},
                        Package: &wit.Package{(CYCLIC REFERENCE)},
                        Docs:    wit.Docs{},
                    },
                    "union-world": &wit.World{
                        _typeOwner: wit._typeOwner{},
                        Name:       "union-world",
                        Imports:    {
                            "interface-0": &wit.Interface{(CYCLIC REFERENCE)},
                            "interface-1": &wit.Interface{(CYCLIC REFERENCE)},
                            "interface-2": &wit.Interface{(CYCLIC REFERENCE)},
                            "interface-3": &wit.Interface{(CYCLIC REFERENCE)},
                            "interface-4": &wit.Interface{(CYCLIC REFERENCE)},
                            "interface-5": &wit.Interface{(CYCLIC REFERENCE)},
                        },
                        Exports: {},
                        Package: &wit.Package{(CYCLIC REFERENCE)},
                        Docs:    wit.Docs{},
                    },
                },
                Docs: wit.Docs{},
            },
            Docs: wit.Docs{},
        },
        &wit.World{
            _typeOwner: wit._typeOwner{},
            Name:       "c",
            Imports:    {
                "interface-0": &wit.Interface{
                    _typeOwner: wit._typeOwner{},
                    _worldItem: wit._worldItem{},
                    Name:       &"a",
                    TypeDefs:   {},
                    Functions:  {},
                    Package:    &wit.Package{(CYCLIC REFERENCE)},
                    Docs:       wit.Docs{},
                },
                "interface-1": &wit.Interface{
                    _typeOwner: wit._typeOwner{},
                    _worldItem: wit._worldItem{},
                    Name:       &"b",
                    TypeDefs:   {},
                    Functions:  {},
                    Package:    &wit.Package{(CYCLIC REFERENCE)},
                    Docs:       wit.Docs{},
                },
            },
            Exports: {},
            Package: &wit.Package{
                Name: wit.Ident{
                    Namespace: "foo",
                    Package:   "root",
                    Extension: "",
                    Version:   (*semver.Version)(nil),
                },
                Interfaces: {
                    "ai": &wit.Interface{
                        _typeOwner: wit._typeOwner{},
                        _worldItem: wit._worldItem{},
                        Name:       &"ai",
                        TypeDefs:   {},
                        Functions:  {},
                        Package:    &wit.Package{(CYCLIC REFERENCE)},
                        Docs:       wit.Docs{},
                    },
                    "bi": &wit.Interface{
                        _typeOwner: wit._typeOwner{},
                        _worldItem: wit._worldItem{},
                        Name:       &"bi",
                        TypeDefs:   {},
                        Functions:  {},
                        Package:    &wit.Package{(CYCLIC REFERENCE)},
                        Docs:       wit.Docs{},
                    },
                },
                Worlds: {
                    "a":           &wit.World{(CYCLIC REFERENCE)},
                    "b":           &wit.World{(CYCLIC REFERENCE)},
                    "c":           &wit.World{(CYCLIC REFERENCE)},
                    "union-world": &wit.World{
                        _typeOwner: wit._typeOwner{},
                        Name:       "union-world",
                        Imports:    {
                            "interface-0": &wit.Interface{(CYCLIC REFERENCE)},
                            "interface-1": &wit.Interface{(CYCLIC REFERENCE)},
                            "interface-2": &wit.Interface{(CYCLIC REFERENCE)},
                            "interface-3": &wit.Interface{(CYCLIC REFERENCE)},
                            "interface-4": &wit.Interface{(CYCLIC REFERENCE)},
                            "interface-5": &wit.Interface{(CYCLIC REFERENCE)},
                        },
                        Exports: {},
                        Package: &wit.Package{(CYCLIC REFERENCE)},
                        Docs:    wit.Docs{},
                    },
                },
                Docs: wit.Docs{},
            },
            Docs: wit.Docs{},
        },
        &wit.World{
            _typeOwner: wit._typeOwner{},
            Name:       "union-world",
            Imports:    {
                "interface-0": &wit.Interface{
                    _typeOwner: wit._typeOwner{},
                    _worldItem: wit._worldItem{},
                    Name:       &"a",
                    TypeDefs:   {},
                    Functions:  {},
                    Package:    &wit.Package{(CYCLIC REFERENCE)},
                    Docs:       wit.Docs{},
                },
                "interface-1": &wit.Interface{
                    _typeOwner: wit._typeOwner{},
                    _worldItem: wit._worldItem{},
                    Name:       &"b",
                    TypeDefs:   {},
                    Functions:  {},
                    Package:    &wit.Package{(CYCLIC REFERENCE)},
                    Docs:       wit.Docs{},
                },
                "interface-2": &wit.Interface{
                    _typeOwner: wit._typeOwner{},
                    _worldItem: wit._worldItem{},
                    Name:       &"a",
                    TypeDefs:   {},
                    Functions:  {},
                    Package:    &wit.Package{(CYCLIC REFERENCE)},
                    Docs:       wit.Docs{},
                },
                "interface-3": &wit.Interface{
                    _typeOwner: wit._typeOwner{},
                    _worldItem: wit._worldItem{},
                    Name:       &"b",
                    TypeDefs:   {},
                    Functions:  {},
                    Package:    &wit.Package{(CYCLIC REFERENCE)},
                    Docs:       wit.Docs{},
                },
                "interface-4": &wit.Interface{
                    _typeOwner: wit._typeOwner{},
                    _worldItem: wit._worldItem{},
                    Name:       &"ai",
                    TypeDefs:   {},
                    Functions:  {},
                    Package:    &wit.Package{(CYCLIC REFERENCE)},
                    Docs:       wit.Docs{},
                },
                "interface-5": &wit.Interface{
                    _typeOwner: wit._typeOwner{},
                    _worldItem: wit._worldItem{},
                    Name:       &"bi",
                    TypeDefs:   {},
                    Functions:  {},
                    Package:    &wit.Package{(CYCLIC REFERENCE)},
                    Docs:       wit.Docs{},
                },
            },
            Exports: {},
            Package: &wit.Package{
                Name: wit.Ident{
                    Namespace: "foo",
                    Package:   "root",
                    Extension: "",
                    Version:   (*semver.Version)(nil),
                },
                Interfaces: {
                    "ai": &wit.Interface{
                        _typeOwner: wit._typeOwner{},
                        _worldItem: wit._worldItem{},
                        Name:       &"ai",
                        TypeDefs:   {},
                        Functions:  {},
                        Package:    &wit.Package{(CYCLIC REFERENCE)},
                        Docs:       wit.Docs{},
                    },
                    "bi": &wit.Interface{
                        _typeOwner: wit._typeOwner{},
                        _worldItem: wit._worldItem{},
                        Name:       &"bi",
                        TypeDefs:   {},
                        Functions:  {},
                        Package:    &wit.Package{(CYCLIC REFERENCE)},
                        Docs:       wit.Docs{},
                    },
                },
                Worlds: {
                    "a":           &wit.World{(CYCLIC REFERENCE)},
                    "b":           &wit.World{(CYCLIC REFERENCE)},
                    "c":           &wit.World{(CYCLIC REFERENCE)},
                    "union-world": &wit.World{(CYCLIC REFERENCE)},
                },
                Docs: wit.Docs{},
            },
            Docs: wit.Docs{},
        },
    },
    Interfaces: {
        &wit.Interface{
            _typeOwner: wit._typeOwner{},
            _worldItem: wit._worldItem{},
            Name:       &"a",
            TypeDefs:   {},
            Functions:  {},
            Package:    &wit.Package{
                Name: wit.Ident{
                    Namespace: "foo",
                    Package:   "bar",
                    Extension: "",
                    Version:   (*semver.Version)(nil),
                },
                Interfaces: {
                    "a": &wit.Interface{(CYCLIC REFERENCE)},
                    "b": &wit.Interface{
                        _typeOwner: wit._typeOwner{},
                        _worldItem: wit._worldItem{},
                        Name:       &"b",
                        TypeDefs:   {},
                        Functions:  {},
                        Package:    &wit.Package{(CYCLIC REFERENCE)},
                        Docs:       wit.Docs{},
                    },
                },
                Worlds: {
                    "bar-a": &wit.World{(CYCLIC REFERENCE)},
                },
                Docs: wit.Docs{},
            },
            Docs: wit.Docs{},
        },
        &wit.Interface{
            _typeOwner: wit._typeOwner{},
            _worldItem: wit._worldItem{},
            Name:       &"b",
            TypeDefs:   {},
            Functions:  {},
            Package:    &wit.Package{
                Name: wit.Ident{
                    Namespace: "foo",
                    Package:   "bar",
                    Extension: "",
                    Version:   (*semver.Version)(nil),
                },
                Interfaces: {
                    "a": &wit.Interface{(CYCLIC REFERENCE)},
                    "b": &wit.Interface{(CYCLIC REFERENCE)},
                },
                Worlds: {
                    "bar-a": &wit.World{(CYCLIC REFERENCE)},
                },
                Docs: wit.Docs{},
            },
            Docs: wit.Docs{},
        },
        &wit.Interface{
            _typeOwner: wit._typeOwner{},
            _worldItem: wit._worldItem{},
            Name:       &"a",
            TypeDefs:   {},
            Functions:  {},
            Package:    &wit.Package{
                Name: wit.Ident{
                    Namespace: "foo",
                    Package:   "baz",
                    Extension: "",
                    Version:   (*semver.Version)(nil),
                },
                Interfaces: {
                    "a": &wit.Interface{(CYCLIC REFERENCE)},
                    "b": &wit.Interface{
                        _typeOwner: wit._typeOwner{},
                        _worldItem: wit._worldItem{},
                        Name:       &"b",
                        TypeDefs:   {},
                        Functions:  {},
                        Package:    &wit.Package{(CYCLIC REFERENCE)},
                        Docs:       wit.Docs{},
                    },
                },
                Worlds: {
                    "baz-a": &wit.World{(CYCLIC REFERENCE)},
                },
                Docs: wit.Docs{},
            },
            Docs: wit.Docs{},
        },
        &wit.Interface{
            _typeOwner: wit._typeOwner{},
            _worldItem: wit._worldItem{},
            Name:       &"b",
            TypeDefs:   {},
            Functions:  {},
            Package:    &wit.Package{
                Name: wit.Ident{
                    Namespace: "foo",
                    Package:   "baz",
                    Extension: "",
                    Version:   (*semver.Version)(nil),
                },
                Interfaces: {
                    "a": &wit.Interface{(CYCLIC REFERENCE)},
                    "b": &wit.Interface{(CYCLIC REFERENCE)},
                },
                Worlds: {
                    "baz-a": &wit.World{(CYCLIC REFERENCE)},
                },
                Docs: wit.Docs{},
            },
            Docs: wit.Docs{},
        },
        &wit.Interface{
            _typeOwner: wit._typeOwner{},
            _worldItem: wit._worldItem{},
            Name:       &"ai",
            TypeDefs:   {},
            Functions:  {},
            Package:    &wit.Package{
                Name: wit.Ident{
                    Namespace: "foo",
                    Package:   "root",
                    Extension: "",
                    Version:   (*semver.Version)(nil),
                },
                Interfaces: {
                    "ai": &wit.Interface{(CYCLIC REFERENCE)},
                    "bi": &wit.Interface{
                        _typeOwner: wit._typeOwner{},
                        _worldItem: wit._worldItem{},
                        Name:       &"bi",
                        TypeDefs:   {},
                        Functions:  {},
                        Package:    &wit.Package{(CYCLIC REFERENCE)},
                        Docs:       wit.Docs{},
                    },
                },
                Worlds: {
                    "a":           &wit.World{(CYCLIC REFERENCE)},
                    "b":           &wit.World{(CYCLIC REFERENCE)},
                    "c":           &wit.World{(CYCLIC REFERENCE)},
                    "union-world": &wit.World{(CYCLIC REFERENCE)},
                },
                Docs: wit.Docs{},
            },
            Docs: wit.Docs{},
        },
        &wit.Interface{
            _typeOwner: wit._typeOwner{},
            _worldItem: wit._worldItem{},
            Name:       &"bi",
            TypeDefs:   {},
            Functions:  {},
            Package:    &wit.Package{
                Name: wit.Ident{
                    Namespace: "foo",
                    Package:   "root",
                    Extension: "",
                    Version:   (*semver.Version)(nil),
                },
                Interfaces: {
                    "ai": &wit.Interface{(CYCLIC REFERENCE)},
                    "bi": &wit.Interface{(CYCLIC REFERENCE)},
                },
                Worlds: {
                    "a":           &wit.World{(CYCLIC REFERENCE)},
                    "b":           &wit.World{(CYCLIC REFERENCE)},
                    "c":           &wit.World{(CYCLIC REFERENCE)},
                    "union-world": &wit.World{(CYCLIC REFERENCE)},
                },
                Docs: wit.Docs{},
            },
            Docs: wit.Docs{},
        },
    },
    TypeDefs: nil,
    Packages: {
        &wit.Package{
            Name: wit.Ident{
                Namespace: "foo",
                Package:   "bar",
                Extension: "",
                Version:   (*semver.Version)(nil),
            },
            Interfaces: {
                "a": &wit.Interface{(CYCLIC REFERENCE)},
                "b": &wit.Interface{(CYCLIC REFERENCE)},
            },
            Worlds: {
                "bar-a": &wit.World{(CYCLIC REFERENCE)},
            },
            Docs: wit.Docs{},
        },
        &wit.Package{
            Name: wit.Ident{
                Namespace: "foo",
                Package:   "baz",
                Extension: "",
                Version:   (*semver.Version)(nil),
            },
            Interfaces: {
                "a": &wit.Interface{(CYCLIC REFERENCE)},
                "b": &wit.Interface{(CYCLIC REFERENCE)},
            },
            Worlds: {
                "baz-a": &wit.World{(CYCLIC REFERENCE)},
            },
            Docs: wit.Docs{},
        },
        &wit.Package{
            Name: wit.Ident{
                Namespace: "foo",
                Package:   "root",
                Extension: "",
                Version:   (*semver.Version)(nil),
            },
            Interfaces: {
                "ai": &wit.Interface{(CYCLIC REFERENCE)},
                "bi": &wit.Interface{(CYCLIC REFERENCE)},
            },
            Worlds: {
                "a":           &wit.World{(CYCLIC REFERENCE)},
                "b":           &wit.World{(CYCLIC REFERENCE)},
                "c":           &wit.World{(CYCLIC REFERENCE)},
                "union-world": &wit.World{(CYCLIC REFERENCE)},
            },
            Docs: wit.Docs{},
        },
    },
}