&wit.Resolve{
    Worlds: {
        &wit.World{
            _typeOwner: wit._typeOwner{},
            Name:       "foo",
            Imports:    {
                "bar": &wit.Interface{
                    _typeOwner: wit._typeOwner{},
                    _worldItem: wit._worldItem{},
                    Name:       (*string)(nil),
                    TypeDefs:   {
                        "the-type": &wit.TypeDef{
                            _type:      wit._type{},
                            _worldItem: wit._worldItem{},
                            Name:       &"the-type",
                            Kind:       &wit.TypeDef{
                                _type:      wit._type{},
                                _worldItem: wit._worldItem{},
                                Name:       &"the-type",
                                Kind:       wit.U32{},
                                Owner:      &wit.Interface{
                                    _typeOwner: wit._typeOwner{},
                                    _worldItem: wit._worldItem{},
                                    Name:       &"shared2",
                                    TypeDefs:   {
                                        "the-type": &wit.TypeDef{(CYCLIC REFERENCE)},
                                    },
                                    Functions: {},
                                    Package:   &wit.Package{
                                        Name: wit.Ident{
                                            Namespace: "foo",
                                            Package:   "diamond",
                                            Extension: "",
                                            Version:   (*semver.Version)(nil),
                                        },
                                        Interfaces: {
                                            "shared1": &wit.Interface{
                                                _typeOwner: wit._typeOwner{},
                                                _worldItem: wit._worldItem{},
                                                Name:       &"shared1",
                                                TypeDefs:   {
                                                    "the-type": &wit.TypeDef{
                                                        _type:      wit._type{},
                                                        _worldItem: wit._worldItem{},
                                                        Name:       &!%v(DEPTH EXCEEDED),
                                                        Kind:       wit.U32{},
                                                        Owner:      &!%v(DEPTH EXCEEDED),
                                                        Docs:       wit.Docs{},
                                                    },
                                                },
                                                Functions: {},
                                                Package:   &wit.Package{(CYCLIC REFERENCE)},
                                                Docs:      wit.Docs{},
                                            },
                                            "shared2": &wit.Interface{(CYCLIC REFERENCE)},
                                        },
                                        Worlds: {
                                            "foo": &wit.World{(CYCLIC REFERENCE)},
                                        },
                                        Docs: wit.Docs{},
                                    },
                                    Docs: wit.Docs{},
                                },
                                Docs: wit.Docs{},
                            },
                            Owner: &wit.Interface{(CYCLIC REFERENCE)},
                            Docs:  wit.Docs{},
                        },
                    },
                    Functions: {},
                    Package:   &wit.Package{
                        Name: wit.Ident{
                            Namespace: "foo",
                            Package:   "diamond",
                            Extension: "",
                            Version:   (*semver.Version)(nil),
                        },
                        Interfaces: {
                            "shared1": &wit.Interface{
                                _typeOwner: wit._typeOwner{},
                                _worldItem: wit._worldItem{},
                                Name:       &"shared1",
                                TypeDefs:   {
                                    "the-type": &wit.TypeDef{
                                        _type:      wit._type{},
                                        _worldItem: wit._worldItem{},
                                        Name:       &"the-type",
                                        Kind:       wit.U32{},
                                        Owner:      &wit.Interface{(CYCLIC REFERENCE)},
                                        Docs:       wit.Docs{},
                                    },
                                },
                                Functions: {},
                                Package:   &wit.Package{(CYCLIC REFERENCE)},
                                Docs:      wit.Docs{},
                            },
                            "shared2": &wit.Interface{
                                _typeOwner: wit._typeOwner{},
                                _worldItem: wit._worldItem{},
                                Name:       &"shared2",
                                TypeDefs:   {
                                    "the-type": &wit.TypeDef{(CYCLIC REFERENCE)},
                                },
                                Functions: {},
                                Package:   &wit.Package{(CYCLIC REFERENCE)},
                                Docs:      wit.Docs{},
                            },
                        },
                        Worlds: {
                            "foo": &wit.World{(CYCLIC REFERENCE)},
                        },
                        Docs: wit.Docs{},
                    },
                    Docs: wit.Docs{},
                },
                "foo": &wit.Interface{
                    _typeOwner: wit._typeOwner{},
                    _worldItem: wit._worldItem{},
                    Name:       (*string)(nil),
                    TypeDefs:   {
                        "the-type": &wit.TypeDef{
                            _type:      wit._type{},
                            _worldItem: wit._worldItem{},
                            Name:       &"the-type",
                            Kind:       &wit.TypeDef{
                                _type:      wit._type{},
                                _worldItem: wit._worldItem{},
                                Name:       &"the-type",
                                Kind:       wit.U32{},
                                Owner:      &wit.Interface{(CYCLIC REFERENCE)},
                                Docs:       wit.Docs{},
                            },
                            Owner: &wit.Interface{(CYCLIC REFERENCE)},
                            Docs:  wit.Docs{},
                        },
                    },
                    Functions: {},
                    Package:   &wit.Package{
                        Name: wit.Ident{
                            Namespace: "foo",
                            Package:   "diamond",
                            Extension: "",
                            Version:   (*semver.Version)(nil),
                        },
                        Interfaces: {
                            "shared1": &wit.Interface{
                                _typeOwner: wit._typeOwner{},
                                _worldItem: wit._worldItem{},
                                Name:       &"shared1",
                                TypeDefs:   {
                                    "the-type": &wit.TypeDef{(CYCLIC REFERENCE)},
                                },
                                Functions: {},
                                Package:   &wit.Package{(CYCLIC REFERENCE)},
                                Docs:      wit.Docs{},
                            },
                            "shared2": &wit.Interface{
                                _typeOwner: wit._typeOwner{},
                                _worldItem: wit._worldItem{},
                                Name:       &"shared2",
                                TypeDefs:   {
                                    "the-type": &wit.TypeDef{(CYCLIC REFERENCE)},
                                },
                                Functions: {},
                                Package:   &wit.Package{(CYCLIC REFERENCE)},
                                Docs:      wit.Docs{},
                            },
                        },
                        Worlds: {
                            "foo": &wit.World{(CYCLIC REFERENCE)},
                        },
                        Docs: wit.Docs{},
                    },
                    Docs: wit.Docs{},
                },
                "interface-0": &wit.Interface{
                    _typeOwner: wit._typeOwner{},
                    _worldItem: wit._worldItem{},
                    Name:       &"shared1",
                    TypeDefs:   {
                        "the-type": &wit.TypeDef{
                            _type:      wit._type{},
                            _worldItem: wit._worldItem{},
                            Name:       &"the-type",
                            Kind:       wit.U32{},
                            Owner:      &wit.Interface{(CYCLIC REFERENCE)},
                            Docs:       wit.Docs{},
                        },
                    },
                    Functions: {},
                    Package:   &wit.Package{
                        Name: wit.Ident{
                            Namespace: "foo",
                            Package:   "diamond",
                            Extension: "",
                            Version:   (*semver.Version)(nil),
                        },
                        Interfaces: {
                            "shared1": &wit.Interface{(CYCLIC REFERENCE)},
                            "shared2": &wit.Interface{
                                _typeOwner: wit._typeOwner{},
                                _worldItem: wit._worldItem{},
                                Name:       &"shared2",
                                TypeDefs:   {
                                    "the-type": &wit.TypeDef{(CYCLIC REFERENCE)},
                                },
                                Functions: {},
                                Package:   &wit.Package{(CYCLIC REFERENCE)},
                                Docs:      wit.Docs{},
                            },
                        },
                        Worlds: {
                            "foo": &wit.World{(CYCLIC REFERENCE)},
                        },
                        Docs: wit.Docs{},
                    },
                    Docs: wit.Docs{},
                },
                "interface-1": &wit.Interface{
                    _typeOwner: wit._typeOwner{},
                    _worldItem: wit._worldItem{},
                    Name:       &"shared2",
                    TypeDefs:   {
                        "the-type": &wit.TypeDef{
                            _type:      wit._type{},
                            _worldItem: wit._worldItem{},
                            Name:       &"the-type",
                            Kind:       wit.U32{},
                            Owner:      &wit.Interface{(CYCLIC REFERENCE)},
                            Docs:       wit.Docs{},
                        },
                    },
                    Functions: {},
                    Package:   &wit.Package{
                        Name: wit.Ident{
                            Namespace: "foo",
                            Package:   "diamond",
                            Extension: "",
                            Version:   (*semver.Version)(nil),
                        },
                        Interfaces: {
                            "shared1": &wit.Interface{(CYCLIC REFERENCE)},
                            "shared2": &wit.Interface{(CYCLIC REFERENCE)},
                        },
                        Worlds: {
                            "foo": &wit.World{(CYCLIC REFERENCE)},
                        },
                        Docs: wit.Docs{},
                    },
                    Docs: wit.Docs{},
                },
            },
            Exports: {},
            Package: &wit.Package{
                Name: wit.Ident{
                    Namespace: "foo",
                    Package:   "diamond",
                    Extension: "",
                    Version:   (*semver.Version)(nil),
                },
                Interfaces: {
                    "shared1": &wit.Interface{
                        _typeOwner: wit._typeOwner{},
                        _worldItem: wit._worldItem{},
                        Name:       &"shared1",
                        TypeDefs:   {
                            "the-type": &wit.TypeDef{
                                _type:      wit._type{},
                                _worldItem: wit._worldItem{},
                                Name:       &"the-type",
                                Kind:       wit.U32{},
                                Owner:      &wit.Interface{(CYCLIC REFERENCE)},
                                Docs:       wit.Docs{},
                            },
                        },
                        Functions: {},
                        Package:   &wit.Package{(CYCLIC REFERENCE)},
                        Docs:      wit.Docs{},
                    },
                    "shared2": &wit.Interface{
                        _typeOwner: wit._typeOwner{},
                        _worldItem: wit._worldItem{},
                        Name:       &"shared2",
                        TypeDefs:   {
                            "the-type": &wit.TypeDef{
                                _type:      wit._type{},
                                _worldItem: wit._worldItem{},
                                Name:       &"the-type",
                                Kind:       wit.U32{},
                                Owner:      &wit.Interface{(CYCLIC REFERENCE)},
                                Docs:       wit.Docs{},
                            },
                        },
                        Functions: {},
                        Package:   &wit.Package{(CYCLIC REFERENCE)},
                        Docs:      wit.Docs{},
                    },
                },
                Worlds: {
                    "foo": &wit.World{(CYCLIC REFERENCE)},
                },
                Docs: wit.Docs{},
            },
            Docs: wit.Docs{},
        },
    },
    Interfaces: {
        &wit.Interface{
            _typeOwner: wit._typeOwner{},
            _worldItem: wit._worldItem{},
            Name:       &"shared1",
            TypeDefs:   {
                "the-type": &wit.TypeDef{
                    _type:      wit._type{},
                    _worldItem: wit._worldItem{},
                    Name:       &"the-type",
                    Kind:       wit.U32{},
                    Owner:      &wit.Interface{(CYCLIC REFERENCE)},
                    Docs:       wit.Docs{},
                },
            },
            Functions: {},
            Package:   &wit.Package{
                Name: wit.Ident{
                    Namespace: "foo",
                    Package:   "diamond",
                    Extension: "",
                    Version:   (*semver.Version)(nil),
                },
                Interfaces: {
                    "shared1": &wit.Interface{(CYCLIC REFERENCE)},
                    "shared2": &wit.Interface{
                        _typeOwner: wit._typeOwner{},
                        _worldItem: wit._worldItem{},
                        Name:       &"shared2",
                        TypeDefs:   {
                            "the-type": &wit.TypeDef{
                                _type:      wit._type{},
                                _worldItem: wit._worldItem{},
                                Name:       &"the-type",
                                Kind:       wit.U32{},
                                Owner:      &wit.Interface{(CYCLIC REFERENCE)},
                                Docs:       wit.Docs{},
                            },
                        },
                        Functions: {},
                        Package:   &wit.Package{(CYCLIC REFERENCE)},
                        Docs:      wit.Docs{},
                    },
                },
                Worlds: {
                    "foo": &wit.World{(CYCLIC REFERENCE)},
                },
                Docs: wit.Docs{},
            },
            Docs: wit.Docs{},
        },
        &wit.Interface{
            _typeOwner: wit._typeOwner{},
            _worldItem: wit._worldItem{},
            Name:       &"shared2",
            TypeDefs:   {
                "the-type": &wit.TypeDef{
                    _type:      wit._type{},
                    _worldItem: wit._worldItem{},
                    Name:       &"the-type",
                    Kind:       wit.U32{},
                    Owner:      &wit.Interface{(CYCLIC REFERENCE)},
                    Docs:       wit.Docs{},
                },
            },
            Functions: {},
            Package:   &wit.Package{
                Name: wit.Ident{
                    Namespace: "foo",
                    Package:   "diamond",
                    Extension: "",
                    Version:   (*semver.Version)(nil),
                },
                Interfaces: {
                    "shared1": &wit.Interface{(CYCLIC REFERENCE)},
                    "shared2": &wit.Interface{(CYCLIC REFERENCE)},
                },
                Worlds: {
                    "foo": &wit.World{(CYCLIC REFERENCE)},
                },
                Docs: wit.Docs{},
            },
            Docs: wit.Docs{},
        },
        &wit.Interface{
            _typeOwner: wit._typeOwner{},
            _worldItem: wit._worldItem{},
            Name:       (*string)(nil),
            TypeDefs:   {
                "the-type": &wit.TypeDef{
                    _type:      wit._type{},
                    _worldItem: wit._worldItem{},
                    Name:       &"the-type",
                    Kind:       &wit.TypeDef{(CYCLIC REFERENCE)},
                    Owner:      &wit.Interface{(CYCLIC REFERENCE)},
                    Docs:       wit.Docs{},
                },
            },
            Functions: {},
            Package:   &wit.Package{
                Name: wit.Ident{
                    Namespace: "foo",
                    Package:   "diamond",
                    Extension: "",
                    Version:   (*semver.Version)(nil),
                },
                Interfaces: {
                    "shared1": &wit.Interface{(CYCLIC REFERENCE)},
                    "shared2": &wit.Interface{(CYCLIC REFERENCE)},
                },
                Worlds: {
                    "foo": &wit.World{(CYCLIC REFERENCE)},
                },
                Docs: wit.Docs{},
            },
            Docs: wit.Docs{},
        },
        &wit.Interface{
            _typeOwner: wit._typeOwner{},
            _worldItem: wit._worldItem{},
            Name:       (*string)(nil),
            TypeDefs:   {
                "the-type": &wit.TypeDef{
                    _type:      wit._type{},
                    _worldItem: wit._worldItem{},
                    Name:       &"the-type",
                    Kind:       &wit.TypeDef{(CYCLIC REFERENCE)},
                    Owner:      &wit.Interface{(CYCLIC REFERENCE)},
                    Docs:       wit.Docs{},
                },
            },
            Functions: {},
            Package:   &wit.Package{
                Name: wit.Ident{
                    Namespace: "foo",
                    Package:   "diamond",
                    Extension: "",
                    Version:   (*semver.Version)(nil),
                },
                Interfaces: {
                    "shared1": &wit.Interface{(CYCLIC REFERENCE)},
                    "shared2": &wit.Interface{(CYCLIC REFERENCE)},
                },
                Worlds: {
                    "foo": &wit.World{(CYCLIC REFERENCE)},
                },
                Docs: wit.Docs{},
            },
            Docs: wit.Docs{},
        },
    },
    TypeDefs: {
        &wit.TypeDef{
            _type:      wit._type{},
            _worldItem: wit._worldItem{},
            Name:       &"the-type",
            Kind:       wit.U32{},
            Owner:      &wit.Interface{(CYCLIC REFERENCE)},
            Docs:       wit.Docs{},
        },
        &wit.TypeDef{
            _type:      wit._type{},
            _worldItem: wit._worldItem{},
            Name:       &"the-type",
            Kind:       wit.U32{},
            Owner:      &wit.Interface{(CYCLIC REFERENCE)},
            Docs:       wit.Docs{},
        },
        &wit.TypeDef{
            _type:      wit._type{},
            _worldItem: wit._worldItem{},
            Name:       &"the-type",
            Kind:       &wit.TypeDef{(CYCLIC REFERENCE)},
            Owner:      &wit.Interface{(CYCLIC REFERENCE)},
            Docs:       wit.Docs{},
        },
        &wit.TypeDef{
            _type:      wit._type{},
            _worldItem: wit._worldItem{},
            Name:       &"the-type",
            Kind:       &wit.TypeDef{(CYCLIC REFERENCE)},
            Owner:      &wit.Interface{(CYCLIC REFERENCE)},
            Docs:       wit.Docs{},
        },
    },
    Packages: {
        &wit.Package{
            Name: wit.Ident{
                Namespace: "foo",
                Package:   "diamond",
                Extension: "",
                Version:   (*semver.Version)(nil),
            },
            Interfaces: {
                "shared1": &wit.Interface{(CYCLIC REFERENCE)},
                "shared2": &wit.Interface{(CYCLIC REFERENCE)},
            },
            Worlds: {
                "foo": &wit.World{(CYCLIC REFERENCE)},
            },
            Docs: wit.Docs{},
        },
    },
}