&wit.Resolve{
    Worlds: {
        &wit.World{
            _typeOwner: wit._typeOwner{},
            Name:       "foo",
            Imports:    {
                "interface-0": &wit.Interface{
                    _typeOwner: wit._typeOwner{},
                    _worldItem: wit._worldItem{},
                    Name:       &"types",
                    TypeDefs:   {},
                    Functions:  {},
                    Package:    &wit.Package{
                        Name: wit.Ident{
                            Namespace: "foo",
                            Package:   "bar",
                            Extension: "",
                            Version:   (*semver.Version)(nil),
                        },
                        Interfaces: {
                            "types": &wit.Interface{(CYCLIC REFERENCE)},
                        },
                        Worlds: {},
                        Docs:   wit.Docs{},
                    },
                    Docs: wit.Docs{},
                },
            },
            Exports: {},
            Package: &wit.Package{
                Name: wit.Ident{
                    Namespace: "foo",
                    Package:   "foo",
                    Extension: "",
                    Version:   (*semver.Version)(nil),
                },
                Interfaces: {},
                Worlds:     {
                    "foo": &wit.World{(CYCLIC REFERENCE)},
                },
                Docs: wit.Docs{},
            },
            Docs: wit.Docs{},
        },
    },
    Interfaces: {
        &wit.Interface{
            _typeOwner: wit._typeOwner{},
            _worldItem: wit._worldItem{},
            Name:       &"types",
            TypeDefs:   {},
            Functions:  {},
            Package:    &wit.Package{
                Name: wit.Ident{
                    Namespace: "foo",
                    Package:   "bar",
                    Extension: "",
                    Version:   (*semver.Version)(nil),
                },
                Interfaces: {
                    "types": &wit.Interface{(CYCLIC REFERENCE)},
                },
                Worlds: {},
                Docs:   wit.Docs{},
            },
            Docs: wit.Docs{},
        },
    },
    TypeDefs: nil,
    Packages: {
        &wit.Package{
            Name: wit.Ident{
                Namespace: "foo",
                Package:   "bar",
                Extension: "",
                Version:   (*semver.Version)(nil),
            },
            Interfaces: {
                "types": &wit.Interface{(CYCLIC REFERENCE)},
            },
            Worlds: {},
            Docs:   wit.Docs{},
        },
        &wit.Package{
            Name: wit.Ident{
                Namespace: "foo",
                Package:   "foo",
                Extension: "",
                Version:   (*semver.Version)(nil),
            },
            Interfaces: {},
            Worlds:     {
                "foo": &wit.World{(CYCLIC REFERENCE)},
            },
            Docs: wit.Docs{},
        },
    },
}