&wit.Resolve{
    Worlds: {
        &wit.World{
            Name:    "foo",
            Imports: {
                "interface-0": &wit.Interface{
                    Name:      &"types",
                    TypeDefs:  {},
                    Functions: {},
                    Package:   &wit.Package{
                        Name: wit.Ident{
                            Namespace: "foo",
                            Package:   "bar",
                            Extension: "",
                            Version:   (*semver.Version)(nil),
                            _node:     wit._node{},
                        },
                        Interfaces: {
                            "types": &wit.Interface{(CYCLIC REFERENCE)},
                        },
                        Worlds: {},
                        Docs:   wit.Docs{},
                    },
                    Docs:       wit.Docs{},
                    _typeOwner: wit._typeOwner{},
                    _worldItem: wit._worldItem{},
                },
            },
            Exports: {},
            Package: &wit.Package{
                Name: wit.Ident{
                    Namespace: "foo",
                    Package:   "foo",
                    Extension: "",
                    Version:   (*semver.Version)(nil),
                    _node:     wit._node{},
                },
                Interfaces: {},
                Worlds:     {
                    "foo": &wit.World{(CYCLIC REFERENCE)},
                },
                Docs: wit.Docs{},
            },
            Docs:       wit.Docs{},
            _typeOwner: wit._typeOwner{},
        },
    },
    Interfaces: {
        &wit.Interface{
            Name:      &"types",
            TypeDefs:  {},
            Functions: {},
            Package:   &wit.Package{
                Name: wit.Ident{
                    Namespace: "foo",
                    Package:   "bar",
                    Extension: "",
                    Version:   (*semver.Version)(nil),
                    _node:     wit._node{},
                },
                Interfaces: {
                    "types": &wit.Interface{(CYCLIC REFERENCE)},
                },
                Worlds: {},
                Docs:   wit.Docs{},
            },
            Docs:       wit.Docs{},
            _typeOwner: wit._typeOwner{},
            _worldItem: wit._worldItem{},
        },
    },
    TypeDefs: nil,
    Packages: {
        &wit.Package{
            Name: wit.Ident{
                Namespace: "foo",
                Package:   "bar",
                Extension: "",
                Version:   (*semver.Version)(nil),
                _node:     wit._node{},
            },
            Interfaces: {
                "types": &wit.Interface{(CYCLIC REFERENCE)},
            },
            Worlds: {},
            Docs:   wit.Docs{},
        },
        &wit.Package{
            Name: wit.Ident{
                Namespace: "foo",
                Package:   "foo",
                Extension: "",
                Version:   (*semver.Version)(nil),
                _node:     wit._node{},
            },
            Interfaces: {},
            Worlds:     {
                "foo": &wit.World{(CYCLIC REFERENCE)},
            },
            Docs: wit.Docs{},
        },
    },
}