&wit.Resolve{
    Worlds:     nil,
    Interfaces: {
        &wit.Interface{
            _typeOwner: wit._typeOwner{},
            _worldItem: wit._worldItem{},
            Name:       &"resources-multiple",
            TypeDefs:   {
                "r1": &wit.TypeDef{
                    _type:      wit._type{},
                    _worldItem: wit._worldItem{},
                    Name:       &"r1",
                    Kind:       &wit.Resource{},
                    Owner:      &wit.Interface{(CYCLIC REFERENCE)},
                    Docs:       wit.Docs{},
                },
            },
            Functions: {
                "[method]r1.f1": &wit.Function{
                    _worldItem: wit._worldItem{},
                    Name:       "[method]r1.f1",
                    Kind:       &wit.Method{
                        _functionKind: wit._functionKind{},
                        Type:          &wit.TypeDef{(CYCLIC REFERENCE)},
                    },
                    Params: {
                        {
                            Name: "self",
                            Type: &wit.TypeDef{
                                _type:      wit._type{},
                                _worldItem: wit._worldItem{},
                                Name:       (*string)(nil),
                                Kind:       &wit.Borrow{
                                    _handle: wit._handle{},
                                    Type:    &wit.TypeDef{(CYCLIC REFERENCE)},
                                },
                                Owner: nil,
                                Docs:  wit.Docs{},
                            },
                        },
                    },
                    Results: nil,
                    Docs:    wit.Docs{},
                },
                "[method]r1.f10": &wit.Function{
                    _worldItem: wit._worldItem{},
                    Name:       "[method]r1.f10",
                    Kind:       &wit.Method{
                        _functionKind: wit._functionKind{},
                        Type:          &wit.TypeDef{(CYCLIC REFERENCE)},
                    },
                    Params: {
                        {
                            Name: "self",
                            Type: &wit.TypeDef{
                                _type:      wit._type{},
                                _worldItem: wit._worldItem{},
                                Name:       (*string)(nil),
                                Kind:       &wit.Borrow{
                                    _handle: wit._handle{},
                                    Type:    &wit.TypeDef{(CYCLIC REFERENCE)},
                                },
                                Owner: nil,
                                Docs:  wit.Docs{},
                            },
                        },
                    },
                    Results: {
                        {
                            Name: "u",
                            Type: wit.U32{},
                        },
                    },
                    Docs: wit.Docs{},
                },
                "[method]r1.f11": &wit.Function{
                    _worldItem: wit._worldItem{},
                    Name:       "[method]r1.f11",
                    Kind:       &wit.Method{
                        _functionKind: wit._functionKind{},
                        Type:          &wit.TypeDef{(CYCLIC REFERENCE)},
                    },
                    Params: {
                        {
                            Name: "self",
                            Type: &wit.TypeDef{
                                _type:      wit._type{},
                                _worldItem: wit._worldItem{},
                                Name:       (*string)(nil),
                                Kind:       &wit.Borrow{
                                    _handle: wit._handle{},
                                    Type:    &wit.TypeDef{(CYCLIC REFERENCE)},
                                },
                                Owner: nil,
                                Docs:  wit.Docs{},
                            },
                        },
                    },
                    Results: nil,
                    Docs:    wit.Docs{},
                },
                "[method]r1.f2": &wit.Function{
                    _worldItem: wit._worldItem{},
                    Name:       "[method]r1.f2",
                    Kind:       &wit.Method{
                        _functionKind: wit._functionKind{},
                        Type:          &wit.TypeDef{(CYCLIC REFERENCE)},
                    },
                    Params: {
                        {
                            Name: "self",
                            Type: &wit.TypeDef{
                                _type:      wit._type{},
                                _worldItem: wit._worldItem{},
                                Name:       (*string)(nil),
                                Kind:       &wit.Borrow{
                                    _handle: wit._handle{},
                                    Type:    &wit.TypeDef{(CYCLIC REFERENCE)},
                                },
                                Owner: nil,
                                Docs:  wit.Docs{},
                            },
                        },
                        {
                            Name: "a",
                            Type: wit.U32{},
                        },
                    },
                    Results: nil,
                    Docs:    wit.Docs{},
                },
                "[method]r1.f3": &wit.Function{
                    _worldItem: wit._worldItem{},
                    Name:       "[method]r1.f3",
                    Kind:       &wit.Method{
                        _functionKind: wit._functionKind{},
                        Type:          &wit.TypeDef{(CYCLIC REFERENCE)},
                    },
                    Params: {
                        {
                            Name: "self",
                            Type: &wit.TypeDef{
                                _type:      wit._type{},
                                _worldItem: wit._worldItem{},
                                Name:       (*string)(nil),
                                Kind:       &wit.Borrow{
                                    _handle: wit._handle{},
                                    Type:    &wit.TypeDef{(CYCLIC REFERENCE)},
                                },
                                Owner: nil,
                                Docs:  wit.Docs{},
                            },
                        },
                        {
                            Name: "a",
                            Type: wit.U32{},
                        },
                    },
                    Results: nil,
                    Docs:    wit.Docs{},
                },
                "[method]r1.f4": &wit.Function{
                    _worldItem: wit._worldItem{},
                    Name:       "[method]r1.f4",
                    Kind:       &wit.Method{
                        _functionKind: wit._functionKind{},
                        Type:          &wit.TypeDef{(CYCLIC REFERENCE)},
                    },
                    Params: {
                        {
                            Name: "self",
                            Type: &wit.TypeDef{
                                _type:      wit._type{},
                                _worldItem: wit._worldItem{},
                                Name:       (*string)(nil),
                                Kind:       &wit.Borrow{
                                    _handle: wit._handle{},
                                    Type:    &wit.TypeDef{(CYCLIC REFERENCE)},
                                },
                                Owner: nil,
                                Docs:  wit.Docs{},
                            },
                        },
                    },
                    Results: {
                        {
                            Name: "",
                            Type: wit.U32{},
                        },
                    },
                    Docs: wit.Docs{},
                },
                "[method]r1.f6": &wit.Function{
                    _worldItem: wit._worldItem{},
                    Name:       "[method]r1.f6",
                    Kind:       &wit.Method{
                        _functionKind: wit._functionKind{},
                        Type:          &wit.TypeDef{(CYCLIC REFERENCE)},
                    },
                    Params: {
                        {
                            Name: "self",
                            Type: &wit.TypeDef{
                                _type:      wit._type{},
                                _worldItem: wit._worldItem{},
                                Name:       (*string)(nil),
                                Kind:       &wit.Borrow{
                                    _handle: wit._handle{},
                                    Type:    &wit.TypeDef{(CYCLIC REFERENCE)},
                                },
                                Owner: nil,
                                Docs:  wit.Docs{},
                            },
                        },
                    },
                    Results: {
                        {
                            Name: "",
                            Type: &wit.TypeDef{
                                _type:      wit._type{},
                                _worldItem: wit._worldItem{},
                                Name:       (*string)(nil),
                                Kind:       &wit.Tuple{
                                    _typeDefKind: wit._typeDefKind{},
                                    Types:        {
                                        wit.U32{},
                                        wit.U32{},
                                    },
                                },
                                Owner: nil,
                                Docs:  wit.Docs{},
                            },
                        },
                    },
                    Docs: wit.Docs{},
                },
                "[method]r1.f7": &wit.Function{
                    _worldItem: wit._worldItem{},
                    Name:       "[method]r1.f7",
                    Kind:       &wit.Method{
                        _functionKind: wit._functionKind{},
                        Type:          &wit.TypeDef{(CYCLIC REFERENCE)},
                    },
                    Params: {
                        {
                            Name: "self",
                            Type: &wit.TypeDef{
                                _type:      wit._type{},
                                _worldItem: wit._worldItem{},
                                Name:       (*string)(nil),
                                Kind:       &wit.Borrow{
                                    _handle: wit._handle{},
                                    Type:    &wit.TypeDef{(CYCLIC REFERENCE)},
                                },
                                Owner: nil,
                                Docs:  wit.Docs{},
                            },
                        },
                        {
                            Name: "a",
                            Type: wit.Float32{},
                        },
                        {
                            Name: "b",
                            Type: wit.Float32{},
                        },
                    },
                    Results: {
                        {
                            Name: "",
                            Type: &wit.TypeDef{
                                _type:      wit._type{},
                                _worldItem: wit._worldItem{},
                                Name:       (*string)(nil),
                                Kind:       &wit.Tuple{
                                    _typeDefKind: wit._typeDefKind{},
                                    Types:        {
                                        wit.U32{},
                                        wit.U32{},
                                    },
                                },
                                Owner: nil,
                                Docs:  wit.Docs{},
                            },
                        },
                    },
                    Docs: wit.Docs{},
                },
                "[method]r1.f8": &wit.Function{
                    _worldItem: wit._worldItem{},
                    Name:       "[method]r1.f8",
                    Kind:       &wit.Method{
                        _functionKind: wit._functionKind{},
                        Type:          &wit.TypeDef{(CYCLIC REFERENCE)},
                    },
                    Params: {
                        {
                            Name: "self",
                            Type: &wit.TypeDef{
                                _type:      wit._type{},
                                _worldItem: wit._worldItem{},
                                Name:       (*string)(nil),
                                Kind:       &wit.Borrow{
                                    _handle: wit._handle{},
                                    Type:    &wit.TypeDef{(CYCLIC REFERENCE)},
                                },
                                Owner: nil,
                                Docs:  wit.Docs{},
                            },
                        },
                        {
                            Name: "a",
                            Type: &wit.TypeDef{
                                _type:      wit._type{},
                                _worldItem: wit._worldItem{},
                                Name:       (*string)(nil),
                                Kind:       &wit.Option{
                                    _typeDefKind: wit._typeDefKind{},
                                    Type:         wit.U32{},
                                },
                                Owner: nil,
                                Docs:  wit.Docs{},
                            },
                        },
                    },
                    Results: {
                        {
                            Name: "",
                            Type: &wit.TypeDef{
                                _type:      wit._type{},
                                _worldItem: wit._worldItem{},
                                Name:       (*string)(nil),
                                Kind:       &wit.Result{
                                    _typeDefKind: wit._typeDefKind{},
                                    OK:           wit.U32{},
                                    Err:          wit.Float32{},
                                },
                                Owner: nil,
                                Docs:  wit.Docs{},
                            },
                        },
                    },
                    Docs: wit.Docs{},
                },
                "[method]r1.f9": &wit.Function{
                    _worldItem: wit._worldItem{},
                    Name:       "[method]r1.f9",
                    Kind:       &wit.Method{
                        _functionKind: wit._functionKind{},
                        Type:          &wit.TypeDef{(CYCLIC REFERENCE)},
                    },
                    Params: {
                        {
                            Name: "self",
                            Type: &wit.TypeDef{
                                _type:      wit._type{},
                                _worldItem: wit._worldItem{},
                                Name:       (*string)(nil),
                                Kind:       &wit.Borrow{
                                    _handle: wit._handle{},
                                    Type:    &wit.TypeDef{(CYCLIC REFERENCE)},
                                },
                                Owner: nil,
                                Docs:  wit.Docs{},
                            },
                        },
                    },
                    Results: {
                        {
                            Name: "u",
                            Type: wit.U32{},
                        },
                        {
                            Name: "f",
                            Type: wit.Float32{},
                        },
                    },
                    Docs: wit.Docs{},
                },
                "t1": &wit.Function{
                    _worldItem: wit._worldItem{},
                    Name:       "t1",
                    Kind:       &wit.Freestanding{},
                    Params:     {
                        {
                            Name: "a",
                            Type: &wit.TypeDef{
                                _type:      wit._type{},
                                _worldItem: wit._worldItem{},
                                Name:       (*string)(nil),
                                Kind:       &wit.Borrow{
                                    _handle: wit._handle{},
                                    Type:    &wit.TypeDef{(CYCLIC REFERENCE)},
                                },
                                Owner: nil,
                                Docs:  wit.Docs{},
                            },
                        },
                    },
                    Results: nil,
                    Docs:    wit.Docs{},
                },
                "t2": &wit.Function{
                    _worldItem: wit._worldItem{},
                    Name:       "t2",
                    Kind:       &wit.Freestanding{},
                    Params:     {
                        {
                            Name: "a",
                            Type: &wit.TypeDef{
                                _type:      wit._type{},
                                _worldItem: wit._worldItem{},
                                Name:       (*string)(nil),
                                Kind:       &wit.Own{
                                    _handle: wit._handle{},
                                    Type:    &wit.TypeDef{(CYCLIC REFERENCE)},
                                },
                                Owner: nil,
                                Docs:  wit.Docs{},
                            },
                        },
                    },
                    Results: nil,
                    Docs:    wit.Docs{},
                },
            },
            Package: &wit.Package{
                Name: wit.Ident{
                    Namespace: "foo",
                    Package:   "resources-multiple",
                    Extension: "",
                    Version:   (*semver.Version)(nil),
                },
                Interfaces: {
                    "resources-multiple": &wit.Interface{(CYCLIC REFERENCE)},
                },
                Worlds: {},
                Docs:   wit.Docs{},
            },
            Docs: wit.Docs{},
        },
    },
    TypeDefs: {
        &wit.TypeDef{
            _type:      wit._type{},
            _worldItem: wit._worldItem{},
            Name:       &"r1",
            Kind:       &wit.Resource{},
            Owner:      &wit.Interface{(CYCLIC REFERENCE)},
            Docs:       wit.Docs{},
        },
        &wit.TypeDef{
            _type:      wit._type{},
            _worldItem: wit._worldItem{},
            Name:       (*string)(nil),
            Kind:       &wit.Borrow{
                _handle: wit._handle{},
                Type:    &wit.TypeDef{(CYCLIC REFERENCE)},
            },
            Owner: nil,
            Docs:  wit.Docs{},
        },
        &wit.TypeDef{
            _type:      wit._type{},
            _worldItem: wit._worldItem{},
            Name:       (*string)(nil),
            Kind:       &wit.Tuple{
                _typeDefKind: wit._typeDefKind{},
                Types:        {
                    wit.U32{},
                    wit.U32{},
                },
            },
            Owner: nil,
            Docs:  wit.Docs{},
        },
        &wit.TypeDef{
            _type:      wit._type{},
            _worldItem: wit._worldItem{},
            Name:       (*string)(nil),
            Kind:       &wit.Option{
                _typeDefKind: wit._typeDefKind{},
                Type:         wit.U32{},
            },
            Owner: nil,
            Docs:  wit.Docs{},
        },
        &wit.TypeDef{
            _type:      wit._type{},
            _worldItem: wit._worldItem{},
            Name:       (*string)(nil),
            Kind:       &wit.Result{
                _typeDefKind: wit._typeDefKind{},
                OK:           wit.U32{},
                Err:          wit.Float32{},
            },
            Owner: nil,
            Docs:  wit.Docs{},
        },
        &wit.TypeDef{
            _type:      wit._type{},
            _worldItem: wit._worldItem{},
            Name:       (*string)(nil),
            Kind:       &wit.Own{
                _handle: wit._handle{},
                Type:    &wit.TypeDef{(CYCLIC REFERENCE)},
            },
            Owner: nil,
            Docs:  wit.Docs{},
        },
    },
    Packages: {
        &wit.Package{
            Name: wit.Ident{
                Namespace: "foo",
                Package:   "resources-multiple",
                Extension: "",
                Version:   (*semver.Version)(nil),
            },
            Interfaces: {
                "resources-multiple": &wit.Interface{(CYCLIC REFERENCE)},
            },
            Worlds: {},
            Docs:   wit.Docs{},
        },
    },
}