&wit.Resolve{
    Worlds: {
        &wit.World{
            Name:    "w",
            Imports: {
                "[constructor]c": &wit.Function{
                    Name: "[constructor]c",
                    Kind: &wit.Constructor{
                        Type: &wit.TypeDef{
                            Name:       &"c",
                            Kind:       &wit.Resource{},
                            Owner:      &wit.World{(CYCLIC REFERENCE)},
                            Docs:       wit.Docs{},
                            _worldItem: wit._worldItem{},
                            _type:      wit._type{},
                        },
                        _functionKind: wit._functionKind{},
                    },
                    Params:  nil,
                    Results: {
                        {
                            Name: "",
                            Type: &wit.TypeDef{
                                Name: (*string)(nil),
                                Kind: &wit.OwnedHandle{
                                    Type:    &wit.TypeDef{(CYCLIC REFERENCE)},
                                    _handle: wit._handle{},
                                },
                                Owner:      nil,
                                Docs:       wit.Docs{},
                                _worldItem: wit._worldItem{},
                                _type:      wit._type{},
                            },
                        },
                    },
                    Docs:       wit.Docs{},
                    _worldItem: wit._worldItem{},
                },
                "a": &wit.TypeDef{
                    Name:       &"a",
                    Kind:       &wit.Resource{},
                    Owner:      &wit.World{(CYCLIC REFERENCE)},
                    Docs:       wit.Docs{},
                    _worldItem: wit._worldItem{},
                    _type:      wit._type{},
                },
                "b": &wit.TypeDef{
                    Name:       &"b",
                    Kind:       &wit.Resource{},
                    Owner:      &wit.World{(CYCLIC REFERENCE)},
                    Docs:       wit.Docs{},
                    _worldItem: wit._worldItem{},
                    _type:      wit._type{},
                },
                "c": &wit.TypeDef{
                    Name:       &"c",
                    Kind:       &wit.Resource{},
                    Owner:      &wit.World{(CYCLIC REFERENCE)},
                    Docs:       wit.Docs{},
                    _worldItem: wit._worldItem{},
                    _type:      wit._type{},
                },
            },
            Exports: {},
            Package: &wit.Package{
                Name: wit.Ident{
                    Namespace: "foo",
                    Package:   "bar",
                    Extension: "",
                    Version:   (*semver.Version)(nil),
                    _node:     wit._node{},
                },
                Interfaces: {
                    "foo": &wit.Interface{
                        Name:     &"foo",
                        TypeDefs: {
                            "a": &wit.TypeDef{
                                Name:       &"a",
                                Kind:       &wit.Resource{(CYCLIC REFERENCE)},
                                Owner:      &wit.Interface{(CYCLIC REFERENCE)},
                                Docs:       wit.Docs{},
                                _worldItem: wit._worldItem{},
                                _type:      wit._type{},
                            },
                            "b": &wit.TypeDef{
                                Name:       &"b",
                                Kind:       &wit.Resource{(CYCLIC REFERENCE)},
                                Owner:      &wit.Interface{(CYCLIC REFERENCE)},
                                Docs:       wit.Docs{},
                                _worldItem: wit._worldItem{},
                                _type:      wit._type{},
                            },
                            "c": &wit.TypeDef{
                                Name:       &"c",
                                Kind:       &wit.Resource{(CYCLIC REFERENCE)},
                                Owner:      &wit.Interface{(CYCLIC REFERENCE)},
                                Docs:       wit.Docs{},
                                _worldItem: wit._worldItem{},
                                _type:      wit._type{},
                            },
                            "d": &wit.TypeDef{
                                Name:       &"d",
                                Kind:       &wit.Resource{(CYCLIC REFERENCE)},
                                Owner:      &wit.Interface{(CYCLIC REFERENCE)},
                                Docs:       wit.Docs{},
                                _worldItem: wit._worldItem{},
                                _type:      wit._type{},
                            },
                            "e": &wit.TypeDef{
                                Name:       &"e",
                                Kind:       &wit.Resource{(CYCLIC REFERENCE)},
                                Owner:      &wit.Interface{(CYCLIC REFERENCE)},
                                Docs:       wit.Docs{},
                                _worldItem: wit._worldItem{},
                                _type:      wit._type{},
                            },
                        },
                        Functions: {
                            "[constructor]b": &wit.Function{
                                Name: "[constructor]b",
                                Kind: &wit.Constructor{
                                    Type:          &wit.TypeDef{(CYCLIC REFERENCE)},
                                    _functionKind: wit._functionKind{},
                                },
                                Params:  nil,
                                Results: {
                                    {
                                        Name: "",
                                        Type: &wit.TypeDef{
                                            Name: (*string)(nil),
                                            Kind: &wit.OwnedHandle{
                                                Type:    &wit.TypeDef{(CYCLIC REFERENCE)},
                                                _handle: wit._handle{},
                                            },
                                            Owner:      nil,
                                            Docs:       wit.Docs{},
                                            _worldItem: wit._worldItem{},
                                            _type:      wit._type{},
                                        },
                                    },
                                },
                                Docs:       wit.Docs{},
                                _worldItem: wit._worldItem{},
                            },
                            "[constructor]c": &wit.Function{
                                Name: "[constructor]c",
                                Kind: &wit.Constructor{
                                    Type:          &wit.TypeDef{(CYCLIC REFERENCE)},
                                    _functionKind: wit._functionKind{},
                                },
                                Params: {
                                    {
                                        Name: "x",
                                        Type: wit.U32{},
                                    },
                                },
                                Results: {
                                    {
                                        Name: "",
                                        Type: &wit.TypeDef{
                                            Name: (*string)(nil),
                                            Kind: &wit.OwnedHandle{
                                                Type:    &wit.TypeDef{(CYCLIC REFERENCE)},
                                                _handle: wit._handle{},
                                            },
                                            Owner:      nil,
                                            Docs:       wit.Docs{},
                                            _worldItem: wit._worldItem{},
                                            _type:      wit._type{},
                                        },
                                    },
                                },
                                Docs:       wit.Docs{},
                                _worldItem: wit._worldItem{},
                            },
                            "[constructor]d": &wit.Function{
                                Name: "[constructor]d",
                                Kind: &wit.Constructor{
                                    Type:          &wit.TypeDef{(CYCLIC REFERENCE)},
                                    _functionKind: wit._functionKind{},
                                },
                                Params: {
                                    {
                                        Name: "x",
                                        Type: wit.U32{},
                                    },
                                },
                                Results: {
                                    {
                                        Name: "",
                                        Type: &wit.TypeDef{
                                            Name: (*string)(nil),
                                            Kind: &wit.OwnedHandle{
                                                Type:    &wit.TypeDef{(CYCLIC REFERENCE)},
                                                _handle: wit._handle{},
                                            },
                                            Owner:      nil,
                                            Docs:       wit.Docs{},
                                            _worldItem: wit._worldItem{},
                                            _type:      wit._type{},
                                        },
                                    },
                                },
                                Docs:       wit.Docs{},
                                _worldItem: wit._worldItem{},
                            },
                            "[constructor]e": &wit.Function{
                                Name: "[constructor]e",
                                Kind: &wit.Constructor{
                                    Type:          &wit.TypeDef{(CYCLIC REFERENCE)},
                                    _functionKind: wit._functionKind{},
                                },
                                Params: {
                                    {
                                        Name: "other",
                                        Type: &wit.TypeDef{
                                            Name: (*string)(nil),
                                            Kind: &wit.OwnedHandle{
                                                Type:    &wit.TypeDef{(CYCLIC REFERENCE)},
                                                _handle: wit._handle{},
                                            },
                                            Owner:      nil,
                                            Docs:       wit.Docs{},
                                            _worldItem: wit._worldItem{},
                                            _type:      wit._type{},
                                        },
                                    },
                                    {
                                        Name: "other2",
                                        Type: &wit.TypeDef{
                                            Name: (*string)(nil),
                                            Kind: &wit.BorrowedHandle{
                                                Type:    &wit.TypeDef{(CYCLIC REFERENCE)},
                                                _handle: wit._handle{},
                                            },
                                            Owner:      nil,
                                            Docs:       wit.Docs{},
                                            _worldItem: wit._worldItem{},
                                            _type:      wit._type{},
                                        },
                                    },
                                },
                                Results: {
                                    {
                                        Name: "",
                                        Type: &wit.TypeDef{
                                            Name: (*string)(nil),
                                            Kind: &wit.OwnedHandle{
                                                Type:    &wit.TypeDef{(CYCLIC REFERENCE)},
                                                _handle: wit._handle{},
                                            },
                                            Owner:      nil,
                                            Docs:       wit.Docs{},
                                            _worldItem: wit._worldItem{},
                                            _type:      wit._type{},
                                        },
                                    },
                                },
                                Docs:       wit.Docs{},
                                _worldItem: wit._worldItem{},
                            },
                            "[method]d.a": &wit.Function{
                                Name: "[method]d.a",
                                Kind: &wit.Method{
                                    Type:          &wit.TypeDef{(CYCLIC REFERENCE)},
                                    _functionKind: wit._functionKind{},
                                },
                                Params: {
                                    {
                                        Name: "self",
                                        Type: &wit.TypeDef{
                                            Name: (*string)(nil),
                                            Kind: &wit.BorrowedHandle{
                                                Type:    &wit.TypeDef{(CYCLIC REFERENCE)},
                                                _handle: wit._handle{},
                                            },
                                            Owner:      nil,
                                            Docs:       wit.Docs{},
                                            _worldItem: wit._worldItem{},
                                            _type:      wit._type{},
                                        },
                                    },
                                },
                                Results:    nil,
                                Docs:       wit.Docs{},
                                _worldItem: wit._worldItem{},
                            },
                            "[method]e.method": &wit.Function{
                                Name: "[method]e.method",
                                Kind: &wit.Method{
                                    Type:          &wit.TypeDef{(CYCLIC REFERENCE)},
                                    _functionKind: wit._functionKind{},
                                },
                                Params: {
                                    {
                                        Name: "self",
                                        Type: &wit.TypeDef{
                                            Name: (*string)(nil),
                                            Kind: &wit.BorrowedHandle{
                                                Type:    &wit.TypeDef{(CYCLIC REFERENCE)},
                                                _handle: wit._handle{},
                                            },
                                            Owner:      nil,
                                            Docs:       wit.Docs{},
                                            _worldItem: wit._worldItem{},
                                            _type:      wit._type{},
                                        },
                                    },
                                    {
                                        Name: "thing",
                                        Type: &wit.TypeDef{
                                            Name: (*string)(nil),
                                            Kind: &wit.OwnedHandle{
                                                Type:    &wit.TypeDef{(CYCLIC REFERENCE)},
                                                _handle: wit._handle{},
                                            },
                                            Owner:      nil,
                                            Docs:       wit.Docs{},
                                            _worldItem: wit._worldItem{},
                                            _type:      wit._type{},
                                        },
                                    },
                                    {
                                        Name: "thing2",
                                        Type: &wit.TypeDef{
                                            Name: (*string)(nil),
                                            Kind: &wit.BorrowedHandle{
                                                Type:    &wit.TypeDef{(CYCLIC REFERENCE)},
                                                _handle: wit._handle{},
                                            },
                                            Owner:      nil,
                                            Docs:       wit.Docs{},
                                            _worldItem: wit._worldItem{},
                                            _type:      wit._type{},
                                        },
                                    },
                                },
                                Results:    nil,
                                Docs:       wit.Docs{},
                                _worldItem: wit._worldItem{},
                            },
                            "[static]d.b": &wit.Function{
                                Name: "[static]d.b",
                                Kind: &wit.Static{
                                    Type:          &wit.TypeDef{(CYCLIC REFERENCE)},
                                    _functionKind: wit._functionKind{},
                                },
                                Params:     nil,
                                Results:    nil,
                                Docs:       wit.Docs{},
                                _worldItem: wit._worldItem{},
                            },
                        },
                        Package:    &wit.Package{(CYCLIC REFERENCE)},
                        Docs:       wit.Docs{},
                        _typeOwner: wit._typeOwner{},
                        _worldItem: wit._worldItem{},
                    },
                    "i": &wit.Interface{
                        Name:     &"i",
                        TypeDefs: {
                            "a": &wit.TypeDef{
                                Name:       &"a",
                                Kind:       &wit.Resource{(CYCLIC REFERENCE)},
                                Owner:      &wit.Interface{(CYCLIC REFERENCE)},
                                Docs:       wit.Docs{},
                                _worldItem: wit._worldItem{},
                                _type:      wit._type{},
                            },
                            "t1": &wit.TypeDef{
                                Name:       &"t1",
                                Kind:       &wit.TypeDef{(CYCLIC REFERENCE)},
                                Owner:      &wit.Interface{(CYCLIC REFERENCE)},
                                Docs:       wit.Docs{},
                                _worldItem: wit._worldItem{},
                                _type:      wit._type{},
                            },
                            "t2": &wit.TypeDef{
                                Name: &"t2",
                                Kind: &wit.BorrowedHandle{
                                    Type:    &wit.TypeDef{(CYCLIC REFERENCE)},
                                    _handle: wit._handle{},
                                },
                                Owner:      &wit.Interface{(CYCLIC REFERENCE)},
                                Docs:       wit.Docs{},
                                _worldItem: wit._worldItem{},
                                _type:      wit._type{},
                            },
                            "t3": &wit.TypeDef{
                                Name: &"t3",
                                Kind: &wit.BorrowedHandle{
                                    Type:    &wit.TypeDef{(CYCLIC REFERENCE)},
                                    _handle: wit._handle{},
                                },
                                Owner:      &wit.Interface{(CYCLIC REFERENCE)},
                                Docs:       wit.Docs{},
                                _worldItem: wit._worldItem{},
                                _type:      wit._type{},
                            },
                        },
                        Functions:  {},
                        Package:    &wit.Package{(CYCLIC REFERENCE)},
                        Docs:       wit.Docs{},
                        _typeOwner: wit._typeOwner{},
                        _worldItem: wit._worldItem{},
                    },
                },
                Worlds: {
                    "w": &wit.World{(CYCLIC REFERENCE)},
                },
                Docs: wit.Docs{},
            },
            Docs:       wit.Docs{},
            _typeOwner: wit._typeOwner{},
        },
    },
    Interfaces: {
        &wit.Interface{
            Name:     &"foo",
            TypeDefs: {
                "a": &wit.TypeDef{
                    Name:       &"a",
                    Kind:       &wit.Resource{},
                    Owner:      &wit.Interface{(CYCLIC REFERENCE)},
                    Docs:       wit.Docs{},
                    _worldItem: wit._worldItem{},
                    _type:      wit._type{},
                },
                "b": &wit.TypeDef{
                    Name:       &"b",
                    Kind:       &wit.Resource{},
                    Owner:      &wit.Interface{(CYCLIC REFERENCE)},
                    Docs:       wit.Docs{},
                    _worldItem: wit._worldItem{},
                    _type:      wit._type{},
                },
                "c": &wit.TypeDef{
                    Name:       &"c",
                    Kind:       &wit.Resource{},
                    Owner:      &wit.Interface{(CYCLIC REFERENCE)},
                    Docs:       wit.Docs{},
                    _worldItem: wit._worldItem{},
                    _type:      wit._type{},
                },
                "d": &wit.TypeDef{
                    Name:       &"d",
                    Kind:       &wit.Resource{},
                    Owner:      &wit.Interface{(CYCLIC REFERENCE)},
                    Docs:       wit.Docs{},
                    _worldItem: wit._worldItem{},
                    _type:      wit._type{},
                },
                "e": &wit.TypeDef{
                    Name:       &"e",
                    Kind:       &wit.Resource{},
                    Owner:      &wit.Interface{(CYCLIC REFERENCE)},
                    Docs:       wit.Docs{},
                    _worldItem: wit._worldItem{},
                    _type:      wit._type{},
                },
            },
            Functions: {
                "[constructor]b": &wit.Function{
                    Name: "[constructor]b",
                    Kind: &wit.Constructor{
                        Type:          &wit.TypeDef{(CYCLIC REFERENCE)},
                        _functionKind: wit._functionKind{},
                    },
                    Params:  nil,
                    Results: {
                        {
                            Name: "",
                            Type: &wit.TypeDef{
                                Name: (*string)(nil),
                                Kind: &wit.OwnedHandle{
                                    Type:    &wit.TypeDef{(CYCLIC REFERENCE)},
                                    _handle: wit._handle{},
                                },
                                Owner:      nil,
                                Docs:       wit.Docs{},
                                _worldItem: wit._worldItem{},
                                _type:      wit._type{},
                            },
                        },
                    },
                    Docs:       wit.Docs{},
                    _worldItem: wit._worldItem{},
                },
                "[constructor]c": &wit.Function{
                    Name: "[constructor]c",
                    Kind: &wit.Constructor{
                        Type:          &wit.TypeDef{(CYCLIC REFERENCE)},
                        _functionKind: wit._functionKind{},
                    },
                    Params: {
                        {
                            Name: "x",
                            Type: wit.U32{},
                        },
                    },
                    Results: {
                        {
                            Name: "",
                            Type: &wit.TypeDef{
                                Name: (*string)(nil),
                                Kind: &wit.OwnedHandle{
                                    Type:    &wit.TypeDef{(CYCLIC REFERENCE)},
                                    _handle: wit._handle{},
                                },
                                Owner:      nil,
                                Docs:       wit.Docs{},
                                _worldItem: wit._worldItem{},
                                _type:      wit._type{},
                            },
                        },
                    },
                    Docs:       wit.Docs{},
                    _worldItem: wit._worldItem{},
                },
                "[constructor]d": &wit.Function{
                    Name: "[constructor]d",
                    Kind: &wit.Constructor{
                        Type:          &wit.TypeDef{(CYCLIC REFERENCE)},
                        _functionKind: wit._functionKind{},
                    },
                    Params: {
                        {
                            Name: "x",
                            Type: wit.U32{},
                        },
                    },
                    Results: {
                        {
                            Name: "",
                            Type: &wit.TypeDef{
                                Name: (*string)(nil),
                                Kind: &wit.OwnedHandle{
                                    Type:    &wit.TypeDef{(CYCLIC REFERENCE)},
                                    _handle: wit._handle{},
                                },
                                Owner:      nil,
                                Docs:       wit.Docs{},
                                _worldItem: wit._worldItem{},
                                _type:      wit._type{},
                            },
                        },
                    },
                    Docs:       wit.Docs{},
                    _worldItem: wit._worldItem{},
                },
                "[constructor]e": &wit.Function{
                    Name: "[constructor]e",
                    Kind: &wit.Constructor{
                        Type:          &wit.TypeDef{(CYCLIC REFERENCE)},
                        _functionKind: wit._functionKind{},
                    },
                    Params: {
                        {
                            Name: "other",
                            Type: &wit.TypeDef{
                                Name: (*string)(nil),
                                Kind: &wit.OwnedHandle{
                                    Type:    &wit.TypeDef{(CYCLIC REFERENCE)},
                                    _handle: wit._handle{},
                                },
                                Owner:      nil,
                                Docs:       wit.Docs{},
                                _worldItem: wit._worldItem{},
                                _type:      wit._type{},
                            },
                        },
                        {
                            Name: "other2",
                            Type: &wit.TypeDef{
                                Name: (*string)(nil),
                                Kind: &wit.BorrowedHandle{
                                    Type:    &wit.TypeDef{(CYCLIC REFERENCE)},
                                    _handle: wit._handle{},
                                },
                                Owner:      nil,
                                Docs:       wit.Docs{},
                                _worldItem: wit._worldItem{},
                                _type:      wit._type{},
                            },
                        },
                    },
                    Results: {
                        {
                            Name: "",
                            Type: &wit.TypeDef{
                                Name: (*string)(nil),
                                Kind: &wit.OwnedHandle{
                                    Type:    &wit.TypeDef{(CYCLIC REFERENCE)},
                                    _handle: wit._handle{},
                                },
                                Owner:      nil,
                                Docs:       wit.Docs{},
                                _worldItem: wit._worldItem{},
                                _type:      wit._type{},
                            },
                        },
                    },
                    Docs:       wit.Docs{},
                    _worldItem: wit._worldItem{},
                },
                "[method]d.a": &wit.Function{
                    Name: "[method]d.a",
                    Kind: &wit.Method{
                        Type:          &wit.TypeDef{(CYCLIC REFERENCE)},
                        _functionKind: wit._functionKind{},
                    },
                    Params: {
                        {
                            Name: "self",
                            Type: &wit.TypeDef{
                                Name: (*string)(nil),
                                Kind: &wit.BorrowedHandle{
                                    Type:    &wit.TypeDef{(CYCLIC REFERENCE)},
                                    _handle: wit._handle{},
                                },
                                Owner:      nil,
                                Docs:       wit.Docs{},
                                _worldItem: wit._worldItem{},
                                _type:      wit._type{},
                            },
                        },
                    },
                    Results:    nil,
                    Docs:       wit.Docs{},
                    _worldItem: wit._worldItem{},
                },
                "[method]e.method": &wit.Function{
                    Name: "[method]e.method",
                    Kind: &wit.Method{
                        Type:          &wit.TypeDef{(CYCLIC REFERENCE)},
                        _functionKind: wit._functionKind{},
                    },
                    Params: {
                        {
                            Name: "self",
                            Type: &wit.TypeDef{
                                Name: (*string)(nil),
                                Kind: &wit.BorrowedHandle{
                                    Type:    &wit.TypeDef{(CYCLIC REFERENCE)},
                                    _handle: wit._handle{},
                                },
                                Owner:      nil,
                                Docs:       wit.Docs{},
                                _worldItem: wit._worldItem{},
                                _type:      wit._type{},
                            },
                        },
                        {
                            Name: "thing",
                            Type: &wit.TypeDef{
                                Name: (*string)(nil),
                                Kind: &wit.OwnedHandle{
                                    Type:    &wit.TypeDef{(CYCLIC REFERENCE)},
                                    _handle: wit._handle{},
                                },
                                Owner:      nil,
                                Docs:       wit.Docs{},
                                _worldItem: wit._worldItem{},
                                _type:      wit._type{},
                            },
                        },
                        {
                            Name: "thing2",
                            Type: &wit.TypeDef{
                                Name: (*string)(nil),
                                Kind: &wit.BorrowedHandle{
                                    Type:    &wit.TypeDef{(CYCLIC REFERENCE)},
                                    _handle: wit._handle{},
                                },
                                Owner:      nil,
                                Docs:       wit.Docs{},
                                _worldItem: wit._worldItem{},
                                _type:      wit._type{},
                            },
                        },
                    },
                    Results:    nil,
                    Docs:       wit.Docs{},
                    _worldItem: wit._worldItem{},
                },
                "[static]d.b": &wit.Function{
                    Name: "[static]d.b",
                    Kind: &wit.Static{
                        Type:          &wit.TypeDef{(CYCLIC REFERENCE)},
                        _functionKind: wit._functionKind{},
                    },
                    Params:     nil,
                    Results:    nil,
                    Docs:       wit.Docs{},
                    _worldItem: wit._worldItem{},
                },
            },
            Package: &wit.Package{
                Name: wit.Ident{
                    Namespace: "foo",
                    Package:   "bar",
                    Extension: "",
                    Version:   (*semver.Version)(nil),
                    _node:     wit._node{},
                },
                Interfaces: {
                    "foo": &wit.Interface{(CYCLIC REFERENCE)},
                    "i":   &wit.Interface{
                        Name:     &"i",
                        TypeDefs: {
                            "a": &wit.TypeDef{
                                Name:       &"a",
                                Kind:       &wit.Resource{(CYCLIC REFERENCE)},
                                Owner:      &wit.Interface{(CYCLIC REFERENCE)},
                                Docs:       wit.Docs{},
                                _worldItem: wit._worldItem{},
                                _type:      wit._type{},
                            },
                            "t1": &wit.TypeDef{
                                Name:       &"t1",
                                Kind:       &wit.TypeDef{(CYCLIC REFERENCE)},
                                Owner:      &wit.Interface{(CYCLIC REFERENCE)},
                                Docs:       wit.Docs{},
                                _worldItem: wit._worldItem{},
                                _type:      wit._type{},
                            },
                            "t2": &wit.TypeDef{
                                Name: &"t2",
                                Kind: &wit.BorrowedHandle{
                                    Type:    &wit.TypeDef{(CYCLIC REFERENCE)},
                                    _handle: wit._handle{},
                                },
                                Owner:      &wit.Interface{(CYCLIC REFERENCE)},
                                Docs:       wit.Docs{},
                                _worldItem: wit._worldItem{},
                                _type:      wit._type{},
                            },
                            "t3": &wit.TypeDef{
                                Name: &"t3",
                                Kind: &wit.BorrowedHandle{
                                    Type:    &wit.TypeDef{(CYCLIC REFERENCE)},
                                    _handle: wit._handle{},
                                },
                                Owner:      &wit.Interface{(CYCLIC REFERENCE)},
                                Docs:       wit.Docs{},
                                _worldItem: wit._worldItem{},
                                _type:      wit._type{},
                            },
                        },
                        Functions:  {},
                        Package:    &wit.Package{(CYCLIC REFERENCE)},
                        Docs:       wit.Docs{},
                        _typeOwner: wit._typeOwner{},
                        _worldItem: wit._worldItem{},
                    },
                },
                Worlds: {
                    "w": &wit.World{(CYCLIC REFERENCE)},
                },
                Docs: wit.Docs{},
            },
            Docs:       wit.Docs{},
            _typeOwner: wit._typeOwner{},
            _worldItem: wit._worldItem{},
        },
        &wit.Interface{
            Name:     &"i",
            TypeDefs: {
                "a": &wit.TypeDef{
                    Name:       &"a",
                    Kind:       &wit.Resource{},
                    Owner:      &wit.Interface{(CYCLIC REFERENCE)},
                    Docs:       wit.Docs{},
                    _worldItem: wit._worldItem{},
                    _type:      wit._type{},
                },
                "t1": &wit.TypeDef{
                    Name:       &"t1",
                    Kind:       &wit.TypeDef{(CYCLIC REFERENCE)},
                    Owner:      &wit.Interface{(CYCLIC REFERENCE)},
                    Docs:       wit.Docs{},
                    _worldItem: wit._worldItem{},
                    _type:      wit._type{},
                },
                "t2": &wit.TypeDef{
                    Name: &"t2",
                    Kind: &wit.BorrowedHandle{
                        Type:    &wit.TypeDef{(CYCLIC REFERENCE)},
                        _handle: wit._handle{},
                    },
                    Owner:      &wit.Interface{(CYCLIC REFERENCE)},
                    Docs:       wit.Docs{},
                    _worldItem: wit._worldItem{},
                    _type:      wit._type{},
                },
                "t3": &wit.TypeDef{
                    Name: &"t3",
                    Kind: &wit.BorrowedHandle{
                        Type:    &wit.TypeDef{(CYCLIC REFERENCE)},
                        _handle: wit._handle{},
                    },
                    Owner:      &wit.Interface{(CYCLIC REFERENCE)},
                    Docs:       wit.Docs{},
                    _worldItem: wit._worldItem{},
                    _type:      wit._type{},
                },
            },
            Functions: {},
            Package:   &wit.Package{
                Name: wit.Ident{
                    Namespace: "foo",
                    Package:   "bar",
                    Extension: "",
                    Version:   (*semver.Version)(nil),
                    _node:     wit._node{},
                },
                Interfaces: {
                    "foo": &wit.Interface{(CYCLIC REFERENCE)},
                    "i":   &wit.Interface{(CYCLIC REFERENCE)},
                },
                Worlds: {
                    "w": &wit.World{(CYCLIC REFERENCE)},
                },
                Docs: wit.Docs{},
            },
            Docs:       wit.Docs{},
            _typeOwner: wit._typeOwner{},
            _worldItem: wit._worldItem{},
        },
    },
    TypeDefs: {
        &wit.TypeDef{
            Name:       &"a",
            Kind:       &wit.Resource{},
            Owner:      &wit.Interface{(CYCLIC REFERENCE)},
            Docs:       wit.Docs{},
            _worldItem: wit._worldItem{},
            _type:      wit._type{},
        },
        &wit.TypeDef{
            Name:       &"b",
            Kind:       &wit.Resource{},
            Owner:      &wit.Interface{(CYCLIC REFERENCE)},
            Docs:       wit.Docs{},
            _worldItem: wit._worldItem{},
            _type:      wit._type{},
        },
        &wit.TypeDef{
            Name:       &"c",
            Kind:       &wit.Resource{},
            Owner:      &wit.Interface{(CYCLIC REFERENCE)},
            Docs:       wit.Docs{},
            _worldItem: wit._worldItem{},
            _type:      wit._type{},
        },
        &wit.TypeDef{
            Name:       &"d",
            Kind:       &wit.Resource{},
            Owner:      &wit.Interface{(CYCLIC REFERENCE)},
            Docs:       wit.Docs{},
            _worldItem: wit._worldItem{},
            _type:      wit._type{},
        },
        &wit.TypeDef{
            Name:       &"e",
            Kind:       &wit.Resource{},
            Owner:      &wit.Interface{(CYCLIC REFERENCE)},
            Docs:       wit.Docs{},
            _worldItem: wit._worldItem{},
            _type:      wit._type{},
        },
        &wit.TypeDef{
            Name: (*string)(nil),
            Kind: &wit.BorrowedHandle{
                Type:    &wit.TypeDef{(CYCLIC REFERENCE)},
                _handle: wit._handle{},
            },
            Owner:      nil,
            Docs:       wit.Docs{},
            _worldItem: wit._worldItem{},
            _type:      wit._type{},
        },
        &wit.TypeDef{
            Name: (*string)(nil),
            Kind: &wit.BorrowedHandle{
                Type:    &wit.TypeDef{(CYCLIC REFERENCE)},
                _handle: wit._handle{},
            },
            Owner:      nil,
            Docs:       wit.Docs{},
            _worldItem: wit._worldItem{},
            _type:      wit._type{},
        },
        &wit.TypeDef{
            Name:       &"a",
            Kind:       &wit.Resource{},
            Owner:      &wit.Interface{(CYCLIC REFERENCE)},
            Docs:       wit.Docs{},
            _worldItem: wit._worldItem{},
            _type:      wit._type{},
        },
        &wit.TypeDef{
            Name:       &"t1",
            Kind:       &wit.TypeDef{(CYCLIC REFERENCE)},
            Owner:      &wit.Interface{(CYCLIC REFERENCE)},
            Docs:       wit.Docs{},
            _worldItem: wit._worldItem{},
            _type:      wit._type{},
        },
        &wit.TypeDef{
            Name: &"t2",
            Kind: &wit.BorrowedHandle{
                Type:    &wit.TypeDef{(CYCLIC REFERENCE)},
                _handle: wit._handle{},
            },
            Owner:      &wit.Interface{(CYCLIC REFERENCE)},
            Docs:       wit.Docs{},
            _worldItem: wit._worldItem{},
            _type:      wit._type{},
        },
        &wit.TypeDef{
            Name: &"t3",
            Kind: &wit.BorrowedHandle{
                Type:    &wit.TypeDef{(CYCLIC REFERENCE)},
                _handle: wit._handle{},
            },
            Owner:      &wit.Interface{(CYCLIC REFERENCE)},
            Docs:       wit.Docs{},
            _worldItem: wit._worldItem{},
            _type:      wit._type{},
        },
        &wit.TypeDef{
            Name:       &"a",
            Kind:       &wit.Resource{},
            Owner:      &wit.World{(CYCLIC REFERENCE)},
            Docs:       wit.Docs{},
            _worldItem: wit._worldItem{},
            _type:      wit._type{},
        },
        &wit.TypeDef{
            Name:       &"b",
            Kind:       &wit.Resource{},
            Owner:      &wit.World{(CYCLIC REFERENCE)},
            Docs:       wit.Docs{},
            _worldItem: wit._worldItem{},
            _type:      wit._type{},
        },
        &wit.TypeDef{
            Name:       &"c",
            Kind:       &wit.Resource{},
            Owner:      &wit.World{(CYCLIC REFERENCE)},
            Docs:       wit.Docs{},
            _worldItem: wit._worldItem{},
            _type:      wit._type{},
        },
        &wit.TypeDef{
            Name: (*string)(nil),
            Kind: &wit.OwnedHandle{
                Type:    &wit.TypeDef{(CYCLIC REFERENCE)},
                _handle: wit._handle{},
            },
            Owner:      nil,
            Docs:       wit.Docs{},
            _worldItem: wit._worldItem{},
            _type:      wit._type{},
        },
        &wit.TypeDef{
            Name: (*string)(nil),
            Kind: &wit.OwnedHandle{
                Type:    &wit.TypeDef{(CYCLIC REFERENCE)},
                _handle: wit._handle{},
            },
            Owner:      nil,
            Docs:       wit.Docs{},
            _worldItem: wit._worldItem{},
            _type:      wit._type{},
        },
        &wit.TypeDef{
            Name: (*string)(nil),
            Kind: &wit.OwnedHandle{
                Type:    &wit.TypeDef{(CYCLIC REFERENCE)},
                _handle: wit._handle{},
            },
            Owner:      nil,
            Docs:       wit.Docs{},
            _worldItem: wit._worldItem{},
            _type:      wit._type{},
        },
        &wit.TypeDef{
            Name: (*string)(nil),
            Kind: &wit.OwnedHandle{
                Type:    &wit.TypeDef{(CYCLIC REFERENCE)},
                _handle: wit._handle{},
            },
            Owner:      nil,
            Docs:       wit.Docs{},
            _worldItem: wit._worldItem{},
            _type:      wit._type{},
        },
        &wit.TypeDef{
            Name: (*string)(nil),
            Kind: &wit.OwnedHandle{
                Type:    &wit.TypeDef{(CYCLIC REFERENCE)},
                _handle: wit._handle{},
            },
            Owner:      nil,
            Docs:       wit.Docs{},
            _worldItem: wit._worldItem{},
            _type:      wit._type{},
        },
    },
    Packages: {
        &wit.Package{
            Name: wit.Ident{
                Namespace: "foo",
                Package:   "bar",
                Extension: "",
                Version:   (*semver.Version)(nil),
                _node:     wit._node{},
            },
            Interfaces: {
                "foo": &wit.Interface{(CYCLIC REFERENCE)},
                "i":   &wit.Interface{(CYCLIC REFERENCE)},
            },
            Worlds: {
                "w": &wit.World{(CYCLIC REFERENCE)},
            },
            Docs: wit.Docs{},
        },
    },
}