&wit.Resolve{
    Worlds:     nil,
    Interfaces: {
        &wit.Interface{
            Name:     &"foo",
            TypeDefs: {
                "bar": &wit.TypeDef{
                    Name: &"bar",
                    Kind: &wit.Stream{
                        Element: &wit.TypeDef{
                            Name:       &"x",
                            Kind:       wit.U32{},
                            Owner:      &wit.Interface{(CYCLIC REFERENCE)},
                            Docs:       wit.Docs{},
                            _worldItem: wit._worldItem{},
                            _type:      wit._type{},
                        },
                        End:          nil,
                        _typeDefKind: wit._typeDefKind{},
                    },
                    Owner:      &wit.Interface{(CYCLIC REFERENCE)},
                    Docs:       wit.Docs{},
                    _worldItem: wit._worldItem{},
                    _type:      wit._type{},
                },
                "x": &wit.TypeDef{
                    Name:       &"x",
                    Kind:       wit.U32{},
                    Owner:      &wit.Interface{(CYCLIC REFERENCE)},
                    Docs:       wit.Docs{},
                    _worldItem: wit._worldItem{},
                    _type:      wit._type{},
                },
            },
            Functions: {},
            Package:   &wit.Package{
                Name: wit.PackageName{
                    Namespace: "foo",
                    Name:      "comments",
                    Version:   (*semver.Version)(nil),
                },
                Interfaces: {
                    "foo": &wit.Interface{(CYCLIC REFERENCE)},
                },
                Worlds: {},
                Docs:   wit.Docs{},
            },
            Docs:       wit.Docs{},
            _worldItem: wit._worldItem{},
            _typeOwner: wit._typeOwner{},
        },
    },
    TypeDefs: {
        &wit.TypeDef{
            Name:       &"x",
            Kind:       wit.U32{},
            Owner:      &wit.Interface{(CYCLIC REFERENCE)},
            Docs:       wit.Docs{},
            _worldItem: wit._worldItem{},
            _type:      wit._type{},
        },
        &wit.TypeDef{
            Name: &"bar",
            Kind: &wit.Stream{
                Element:      &wit.TypeDef{(CYCLIC REFERENCE)},
                End:          nil,
                _typeDefKind: wit._typeDefKind{},
            },
            Owner:      &wit.Interface{(CYCLIC REFERENCE)},
            Docs:       wit.Docs{},
            _worldItem: wit._worldItem{},
            _type:      wit._type{},
        },
    },
    Packages: {
        &wit.Package{
            Name: wit.PackageName{
                Namespace: "foo",
                Name:      "comments",
                Version:   (*semver.Version)(nil),
            },
            Interfaces: {
                "foo": &wit.Interface{(CYCLIC REFERENCE)},
            },
            Worlds: {},
            Docs:   wit.Docs{},
        },
    },
}