&wit.Resolve{
    Worlds:     nil,
    Interfaces: {
        &wit.Interface{
            Name:      &"functions",
            TypeDefs:  {},
            Functions: {
                "f1": &wit.Function{
                    Name:      "f1",
                    Kind:      &wit.FunctionKindFreestanding{},
                    Params:    nil,
                    Results:   nil,
                    Docs:      wit.Docs{},
                    worldItem: wit.worldItem{},
                },
                "f10": &wit.Function{
                    Name:    "f10",
                    Kind:    &wit.FunctionKindFreestanding{},
                    Params:  nil,
                    Results: {
                        {
                            Name: "u",
                            Type: wit.U32Type{},
                        },
                    },
                    Docs:      wit.Docs{},
                    worldItem: wit.worldItem{},
                },
                "f11": &wit.Function{
                    Name:      "f11",
                    Kind:      &wit.FunctionKindFreestanding{},
                    Params:    nil,
                    Results:   nil,
                    Docs:      wit.Docs{},
                    worldItem: wit.worldItem{},
                },
                "f2": &wit.Function{
                    Name:   "f2",
                    Kind:   &wit.FunctionKindFreestanding{},
                    Params: {
                        {
                            Name: "a",
                            Type: wit.U32Type{},
                        },
                    },
                    Results:   nil,
                    Docs:      wit.Docs{},
                    worldItem: wit.worldItem{},
                },
                "f3": &wit.Function{
                    Name:   "f3",
                    Kind:   &wit.FunctionKindFreestanding{},
                    Params: {
                        {
                            Name: "a",
                            Type: wit.U32Type{},
                        },
                    },
                    Results:   nil,
                    Docs:      wit.Docs{},
                    worldItem: wit.worldItem{},
                },
                "f4": &wit.Function{
                    Name:    "f4",
                    Kind:    &wit.FunctionKindFreestanding{},
                    Params:  nil,
                    Results: {
                        {
                            Name: "",
                            Type: wit.U32Type{},
                        },
                    },
                    Docs:      wit.Docs{},
                    worldItem: wit.worldItem{},
                },
                "f6": &wit.Function{
                    Name:    "f6",
                    Kind:    &wit.FunctionKindFreestanding{},
                    Params:  nil,
                    Results: {
                        {
                            Name: "",
                            Type: &wit.TypeDef{
                                Name: (*string)(nil),
                                Kind: &wit.Tuple{
                                    Types: {
                                        wit.U32Type{},
                                        wit.U32Type{},
                                    },
                                    typeDefKind: wit.typeDefKind{},
                                },
                                Owner:     nil,
                                Docs:      wit.Docs{},
                                worldItem: wit.worldItem{},
                                type_:     wit.type_{},
                            },
                        },
                    },
                    Docs:      wit.Docs{},
                    worldItem: wit.worldItem{},
                },
                "f7": &wit.Function{
                    Name:   "f7",
                    Kind:   &wit.FunctionKindFreestanding{},
                    Params: {
                        {
                            Name: "a",
                            Type: wit.Float32Type{},
                        },
                        {
                            Name: "b",
                            Type: wit.Float32Type{},
                        },
                    },
                    Results: {
                        {
                            Name: "",
                            Type: &wit.TypeDef{
                                Name: (*string)(nil),
                                Kind: &wit.Tuple{
                                    Types: {
                                        wit.U32Type{},
                                        wit.U32Type{},
                                    },
                                    typeDefKind: wit.typeDefKind{},
                                },
                                Owner:     nil,
                                Docs:      wit.Docs{},
                                worldItem: wit.worldItem{},
                                type_:     wit.type_{},
                            },
                        },
                    },
                    Docs:      wit.Docs{},
                    worldItem: wit.worldItem{},
                },
                "f8": &wit.Function{
                    Name:   "f8",
                    Kind:   &wit.FunctionKindFreestanding{},
                    Params: {
                        {
                            Name: "a",
                            Type: &wit.TypeDef{
                                Name: (*string)(nil),
                                Kind: &wit.Option{
                                    Type:        wit.U32Type{},
                                    typeDefKind: wit.typeDefKind{},
                                },
                                Owner:     nil,
                                Docs:      wit.Docs{},
                                worldItem: wit.worldItem{},
                                type_:     wit.type_{},
                            },
                        },
                    },
                    Results: {
                        {
                            Name: "",
                            Type: &wit.TypeDef{
                                Name: (*string)(nil),
                                Kind: &wit.Result{
                                    OK:          wit.U32Type{},
                                    Err:         wit.Float32Type{},
                                    typeDefKind: wit.typeDefKind{},
                                },
                                Owner:     nil,
                                Docs:      wit.Docs{},
                                worldItem: wit.worldItem{},
                                type_:     wit.type_{},
                            },
                        },
                    },
                    Docs:      wit.Docs{},
                    worldItem: wit.worldItem{},
                },
                "f9": &wit.Function{
                    Name:    "f9",
                    Kind:    &wit.FunctionKindFreestanding{},
                    Params:  nil,
                    Results: {
                        {
                            Name: "u",
                            Type: wit.U32Type{},
                        },
                        {
                            Name: "f",
                            Type: wit.Float32Type{},
                        },
                    },
                    Docs:      wit.Docs{},
                    worldItem: wit.worldItem{},
                },
            },
            Package: &wit.Package{
                Name: wit.PackageName{
                    Namespace: "foo",
                    Name:      "functions",
                    Version:   (*semver.Version)(nil),
                },
                Interfaces: {
                    "functions": &wit.Interface{(CYCLIC REFERENCE)},
                },
                Worlds: {},
                Docs:   wit.Docs{},
            },
            Docs:      wit.Docs{},
            worldItem: wit.worldItem{},
            typeOwner: wit.typeOwner{},
        },
    },
    TypeDefs: {
        &wit.TypeDef{
            Name: (*string)(nil),
            Kind: &wit.Tuple{
                Types: {
                    wit.U32Type{},
                    wit.U32Type{},
                },
                typeDefKind: wit.typeDefKind{},
            },
            Owner:     nil,
            Docs:      wit.Docs{},
            worldItem: wit.worldItem{},
            type_:     wit.type_{},
        },
        &wit.TypeDef{
            Name: (*string)(nil),
            Kind: &wit.Option{
                Type:        wit.U32Type{},
                typeDefKind: wit.typeDefKind{},
            },
            Owner:     nil,
            Docs:      wit.Docs{},
            worldItem: wit.worldItem{},
            type_:     wit.type_{},
        },
        &wit.TypeDef{
            Name: (*string)(nil),
            Kind: &wit.Result{
                OK:          wit.U32Type{},
                Err:         wit.Float32Type{},
                typeDefKind: wit.typeDefKind{},
            },
            Owner:     nil,
            Docs:      wit.Docs{},
            worldItem: wit.worldItem{},
            type_:     wit.type_{},
        },
    },
    Packages: {
        &wit.Package{
            Name: wit.PackageName{
                Namespace: "foo",
                Name:      "functions",
                Version:   (*semver.Version)(nil),
            },
            Interfaces: {
                "functions": &wit.Interface{(CYCLIC REFERENCE)},
            },
            Worlds: {},
            Docs:   wit.Docs{},
        },
    },
}