&wit.Resolve{
  Worlds: []*wit.World{
    &wit.World{
      Name:    "name",
      Imports: map[string]wit.WorldItem{
        "name": &wit.Interface{
          Name:      (*string)(nil),
          TypeDefs:  map[string]*wit.TypeDef{},
          Functions: map[string]*wit.Function{},
          Package:   &wit.Package{
            Name: wit.PackageName{
              Namespace: "foo",
              Name:      "name",
              Version:   (*semver.Version)(nil),
            },
            Interfaces: map[string]*wit.Interface{
              "x": &wit.Interface{
                Name:      &"x",
                TypeDefs:  map[string]*wit.TypeDef{},
                Functions: map[string]*wit.Function{},
                Package:   &wit.Package{...},
                Docs:      wit.Docs{
                  Contents: "",
                },
              },
            },
            Worlds: map[string]*wit.World{
              "name": &wit.World{...},
            },
            Docs: wit.Docs{
              Contents: "",
            },
          },
          Docs: wit.Docs{
            Contents: "",
          },
        },
      },
      Exports: map[string]wit.WorldItem{},
      Package: (*wit.Package)(nil),
      Docs:    wit.Docs{
        Contents: "",
      },
    },
  },
  Interfaces: []*wit.Interface{
    &wit.Interface{...},
    &wit.Interface{...},
  },
  TypeDefs: []*wit.TypeDef(nil),
  Packages: []*wit.Package{
    &wit.Package{...},
  },
}