&wit.Resolve{
    Worlds:     nil,
    Interfaces: {
        &wit.Interface{
            Name:     &"resources1",
            TypeDefs: {
                "r1": &wit.TypeDef{
                    Name:       &"r1",
                    Kind:       nil,
                    Owner:      &wit.Interface{(CYCLIC REFERENCE)},
                    Docs:       wit.Docs{},
                    _worldItem: wit._worldItem{},
                    _type:      wit._type{},
                },
            },
            Functions: {
                "[method]r1.f1": &wit.Function{
                    Name: "[method]r1.f1",
                    Kind: &wit.Method{
                        Type:          &wit.TypeDef{(CYCLIC REFERENCE)},
                        _functionKind: wit._functionKind{},
                    },
                    Params: {
                        {
                            Name: "self",
                            Type: &wit.TypeDef{
                                Name: (*string)(nil),
                                Kind: &wit.BorrowHandle{
                                    Type:    &wit.TypeDef{(CYCLIC REFERENCE)},
                                    _handle: wit._handle{},
                                },
                                Owner:      nil,
                                Docs:       wit.Docs{},
                                _worldItem: wit._worldItem{},
                                _type:      wit._type{},
                            },
                        },
                    },
                    Results: {
                        {
                            Name: "a",
                            Type: wit.S32Type{},
                        },
                        {
                            Name: "handle",
                            Type: &wit.TypeDef{
                                Name: (*string)(nil),
                                Kind: &wit.OwnHandle{
                                    Type:    &wit.TypeDef{(CYCLIC REFERENCE)},
                                    _handle: wit._handle{},
                                },
                                Owner:      nil,
                                Docs:       wit.Docs{},
                                _worldItem: wit._worldItem{},
                                _type:      wit._type{},
                            },
                        },
                    },
                    Docs:       wit.Docs{},
                    _worldItem: wit._worldItem{},
                },
                "t1": &wit.Function{
                    Name:   "t1",
                    Kind:   &wit.Freestanding{},
                    Params: {
                        {
                            Name: "a",
                            Type: &wit.TypeDef{
                                Name: (*string)(nil),
                                Kind: &wit.OwnHandle{
                                    Type:    &wit.TypeDef{(CYCLIC REFERENCE)},
                                    _handle: wit._handle{},
                                },
                                Owner:      nil,
                                Docs:       wit.Docs{},
                                _worldItem: wit._worldItem{},
                                _type:      wit._type{},
                            },
                        },
                    },
                    Results:    nil,
                    Docs:       wit.Docs{},
                    _worldItem: wit._worldItem{},
                },
            },
            Package: &wit.Package{
                Name: wit.PackageName{
                    Namespace: "foo",
                    Name:      "resources1",
                    Version:   (*semver.Version)(nil),
                },
                Interfaces: {
                    "resources1": &wit.Interface{(CYCLIC REFERENCE)},
                },
                Worlds: {},
                Docs:   wit.Docs{},
            },
            Docs:       wit.Docs{},
            _worldItem: wit._worldItem{},
            _typeOwner: wit._typeOwner{},
        },
    },
    TypeDefs: {
        &wit.TypeDef{
            Name:       &"r1",
            Kind:       nil,
            Owner:      &wit.Interface{(CYCLIC REFERENCE)},
            Docs:       wit.Docs{},
            _worldItem: wit._worldItem{},
            _type:      wit._type{},
        },
        &wit.TypeDef{
            Name: (*string)(nil),
            Kind: &wit.BorrowHandle{
                Type:    &wit.TypeDef{(CYCLIC REFERENCE)},
                _handle: wit._handle{},
            },
            Owner:      nil,
            Docs:       wit.Docs{},
            _worldItem: wit._worldItem{},
            _type:      wit._type{},
        },
        &wit.TypeDef{
            Name: (*string)(nil),
            Kind: &wit.OwnHandle{
                Type:    &wit.TypeDef{(CYCLIC REFERENCE)},
                _handle: wit._handle{},
            },
            Owner:      nil,
            Docs:       wit.Docs{},
            _worldItem: wit._worldItem{},
            _type:      wit._type{},
        },
    },
    Packages: {
        &wit.Package{
            Name: wit.PackageName{
                Namespace: "foo",
                Name:      "resources1",
                Version:   (*semver.Version)(nil),
            },
            Interfaces: {
                "resources1": &wit.Interface{(CYCLIC REFERENCE)},
            },
            Worlds: {},
            Docs:   wit.Docs{},
        },
    },
}