&wit.Resolve{
    Worlds:     nil,
    Interfaces: {
        &wit.Interface{
            Name:     &"resources-multiple",
            TypeDefs: {
                "r1": &wit.TypeDef{
                    Name:       &"r1",
                    Kind:       nil,
                    Owner:      &wit.Interface{(CYCLIC REFERENCE)},
                    Docs:       wit.Docs{},
                    _worldItem: wit._worldItem{},
                    _type:      wit._type{},
                },
            },
            Functions: {
                "[method]r1.f1": &wit.Function{
                    Name: "[method]r1.f1",
                    Kind: &wit.Method{
                        Type:          &wit.TypeDef{(CYCLIC REFERENCE)},
                        _functionKind: wit._functionKind{},
                    },
                    Params: {
                        {
                            Name: "self",
                            Type: &wit.TypeDef{
                                Name: (*string)(nil),
                                Kind: &wit.BorrowHandle{
                                    Type:    &wit.TypeDef{(CYCLIC REFERENCE)},
                                    _handle: wit._handle{},
                                },
                                Owner:      nil,
                                Docs:       wit.Docs{},
                                _worldItem: wit._worldItem{},
                                _type:      wit._type{},
                            },
                        },
                    },
                    Results:    nil,
                    Docs:       wit.Docs{},
                    _worldItem: wit._worldItem{},
                },
                "[method]r1.f10": &wit.Function{
                    Name: "[method]r1.f10",
                    Kind: &wit.Method{
                        Type:          &wit.TypeDef{(CYCLIC REFERENCE)},
                        _functionKind: wit._functionKind{},
                    },
                    Params: {
                        {
                            Name: "self",
                            Type: &wit.TypeDef{
                                Name: (*string)(nil),
                                Kind: &wit.BorrowHandle{
                                    Type:    &wit.TypeDef{(CYCLIC REFERENCE)},
                                    _handle: wit._handle{},
                                },
                                Owner:      nil,
                                Docs:       wit.Docs{},
                                _worldItem: wit._worldItem{},
                                _type:      wit._type{},
                            },
                        },
                    },
                    Results: {
                        {
                            Name: "u",
                            Type: wit.U32Type{},
                        },
                    },
                    Docs:       wit.Docs{},
                    _worldItem: wit._worldItem{},
                },
                "[method]r1.f11": &wit.Function{
                    Name: "[method]r1.f11",
                    Kind: &wit.Method{
                        Type:          &wit.TypeDef{(CYCLIC REFERENCE)},
                        _functionKind: wit._functionKind{},
                    },
                    Params: {
                        {
                            Name: "self",
                            Type: &wit.TypeDef{
                                Name: (*string)(nil),
                                Kind: &wit.BorrowHandle{
                                    Type:    &wit.TypeDef{(CYCLIC REFERENCE)},
                                    _handle: wit._handle{},
                                },
                                Owner:      nil,
                                Docs:       wit.Docs{},
                                _worldItem: wit._worldItem{},
                                _type:      wit._type{},
                            },
                        },
                    },
                    Results:    nil,
                    Docs:       wit.Docs{},
                    _worldItem: wit._worldItem{},
                },
                "[method]r1.f2": &wit.Function{
                    Name: "[method]r1.f2",
                    Kind: &wit.Method{
                        Type:          &wit.TypeDef{(CYCLIC REFERENCE)},
                        _functionKind: wit._functionKind{},
                    },
                    Params: {
                        {
                            Name: "self",
                            Type: &wit.TypeDef{
                                Name: (*string)(nil),
                                Kind: &wit.BorrowHandle{
                                    Type:    &wit.TypeDef{(CYCLIC REFERENCE)},
                                    _handle: wit._handle{},
                                },
                                Owner:      nil,
                                Docs:       wit.Docs{},
                                _worldItem: wit._worldItem{},
                                _type:      wit._type{},
                            },
                        },
                        {
                            Name: "a",
                            Type: wit.U32Type{},
                        },
                    },
                    Results:    nil,
                    Docs:       wit.Docs{},
                    _worldItem: wit._worldItem{},
                },
                "[method]r1.f3": &wit.Function{
                    Name: "[method]r1.f3",
                    Kind: &wit.Method{
                        Type:          &wit.TypeDef{(CYCLIC REFERENCE)},
                        _functionKind: wit._functionKind{},
                    },
                    Params: {
                        {
                            Name: "self",
                            Type: &wit.TypeDef{
                                Name: (*string)(nil),
                                Kind: &wit.BorrowHandle{
                                    Type:    &wit.TypeDef{(CYCLIC REFERENCE)},
                                    _handle: wit._handle{},
                                },
                                Owner:      nil,
                                Docs:       wit.Docs{},
                                _worldItem: wit._worldItem{},
                                _type:      wit._type{},
                            },
                        },
                        {
                            Name: "a",
                            Type: wit.U32Type{},
                        },
                    },
                    Results:    nil,
                    Docs:       wit.Docs{},
                    _worldItem: wit._worldItem{},
                },
                "[method]r1.f4": &wit.Function{
                    Name: "[method]r1.f4",
                    Kind: &wit.Method{
                        Type:          &wit.TypeDef{(CYCLIC REFERENCE)},
                        _functionKind: wit._functionKind{},
                    },
                    Params: {
                        {
                            Name: "self",
                            Type: &wit.TypeDef{
                                Name: (*string)(nil),
                                Kind: &wit.BorrowHandle{
                                    Type:    &wit.TypeDef{(CYCLIC REFERENCE)},
                                    _handle: wit._handle{},
                                },
                                Owner:      nil,
                                Docs:       wit.Docs{},
                                _worldItem: wit._worldItem{},
                                _type:      wit._type{},
                            },
                        },
                    },
                    Results: {
                        {
                            Name: "",
                            Type: wit.U32Type{},
                        },
                    },
                    Docs:       wit.Docs{},
                    _worldItem: wit._worldItem{},
                },
                "[method]r1.f6": &wit.Function{
                    Name: "[method]r1.f6",
                    Kind: &wit.Method{
                        Type:          &wit.TypeDef{(CYCLIC REFERENCE)},
                        _functionKind: wit._functionKind{},
                    },
                    Params: {
                        {
                            Name: "self",
                            Type: &wit.TypeDef{
                                Name: (*string)(nil),
                                Kind: &wit.BorrowHandle{
                                    Type:    &wit.TypeDef{(CYCLIC REFERENCE)},
                                    _handle: wit._handle{},
                                },
                                Owner:      nil,
                                Docs:       wit.Docs{},
                                _worldItem: wit._worldItem{},
                                _type:      wit._type{},
                            },
                        },
                    },
                    Results: {
                        {
                            Name: "",
                            Type: &wit.TypeDef{
                                Name: (*string)(nil),
                                Kind: &wit.Tuple{
                                    Types: {
                                        wit.U32Type{},
                                        wit.U32Type{},
                                    },
                                    _typeDefKind: wit._typeDefKind{},
                                },
                                Owner:      nil,
                                Docs:       wit.Docs{},
                                _worldItem: wit._worldItem{},
                                _type:      wit._type{},
                            },
                        },
                    },
                    Docs:       wit.Docs{},
                    _worldItem: wit._worldItem{},
                },
                "[method]r1.f7": &wit.Function{
                    Name: "[method]r1.f7",
                    Kind: &wit.Method{
                        Type:          &wit.TypeDef{(CYCLIC REFERENCE)},
                        _functionKind: wit._functionKind{},
                    },
                    Params: {
                        {
                            Name: "self",
                            Type: &wit.TypeDef{
                                Name: (*string)(nil),
                                Kind: &wit.BorrowHandle{
                                    Type:    &wit.TypeDef{(CYCLIC REFERENCE)},
                                    _handle: wit._handle{},
                                },
                                Owner:      nil,
                                Docs:       wit.Docs{},
                                _worldItem: wit._worldItem{},
                                _type:      wit._type{},
                            },
                        },
                        {
                            Name: "a",
                            Type: wit.Float32Type{},
                        },
                        {
                            Name: "b",
                            Type: wit.Float32Type{},
                        },
                    },
                    Results: {
                        {
                            Name: "",
                            Type: &wit.TypeDef{
                                Name: (*string)(nil),
                                Kind: &wit.Tuple{
                                    Types: {
                                        wit.U32Type{},
                                        wit.U32Type{},
                                    },
                                    _typeDefKind: wit._typeDefKind{},
                                },
                                Owner:      nil,
                                Docs:       wit.Docs{},
                                _worldItem: wit._worldItem{},
                                _type:      wit._type{},
                            },
                        },
                    },
                    Docs:       wit.Docs{},
                    _worldItem: wit._worldItem{},
                },
                "[method]r1.f8": &wit.Function{
                    Name: "[method]r1.f8",
                    Kind: &wit.Method{
                        Type:          &wit.TypeDef{(CYCLIC REFERENCE)},
                        _functionKind: wit._functionKind{},
                    },
                    Params: {
                        {
                            Name: "self",
                            Type: &wit.TypeDef{
                                Name: (*string)(nil),
                                Kind: &wit.BorrowHandle{
                                    Type:    &wit.TypeDef{(CYCLIC REFERENCE)},
                                    _handle: wit._handle{},
                                },
                                Owner:      nil,
                                Docs:       wit.Docs{},
                                _worldItem: wit._worldItem{},
                                _type:      wit._type{},
                            },
                        },
                        {
                            Name: "a",
                            Type: &wit.TypeDef{
                                Name: (*string)(nil),
                                Kind: &wit.Option{
                                    Type:         wit.U32Type{},
                                    _typeDefKind: wit._typeDefKind{},
                                },
                                Owner:      nil,
                                Docs:       wit.Docs{},
                                _worldItem: wit._worldItem{},
                                _type:      wit._type{},
                            },
                        },
                    },
                    Results: {
                        {
                            Name: "",
                            Type: &wit.TypeDef{
                                Name: (*string)(nil),
                                Kind: &wit.Result{
                                    OK:           wit.U32Type{},
                                    Err:          wit.Float32Type{},
                                    _typeDefKind: wit._typeDefKind{},
                                },
                                Owner:      nil,
                                Docs:       wit.Docs{},
                                _worldItem: wit._worldItem{},
                                _type:      wit._type{},
                            },
                        },
                    },
                    Docs:       wit.Docs{},
                    _worldItem: wit._worldItem{},
                },
                "[method]r1.f9": &wit.Function{
                    Name: "[method]r1.f9",
                    Kind: &wit.Method{
                        Type:          &wit.TypeDef{(CYCLIC REFERENCE)},
                        _functionKind: wit._functionKind{},
                    },
                    Params: {
                        {
                            Name: "self",
                            Type: &wit.TypeDef{
                                Name: (*string)(nil),
                                Kind: &wit.BorrowHandle{
                                    Type:    &wit.TypeDef{(CYCLIC REFERENCE)},
                                    _handle: wit._handle{},
                                },
                                Owner:      nil,
                                Docs:       wit.Docs{},
                                _worldItem: wit._worldItem{},
                                _type:      wit._type{},
                            },
                        },
                    },
                    Results: {
                        {
                            Name: "u",
                            Type: wit.U32Type{},
                        },
                        {
                            Name: "f",
                            Type: wit.Float32Type{},
                        },
                    },
                    Docs:       wit.Docs{},
                    _worldItem: wit._worldItem{},
                },
                "t1": &wit.Function{
                    Name:   "t1",
                    Kind:   &wit.Freestanding{},
                    Params: {
                        {
                            Name: "a",
                            Type: &wit.TypeDef{
                                Name: (*string)(nil),
                                Kind: &wit.BorrowHandle{
                                    Type:    &wit.TypeDef{(CYCLIC REFERENCE)},
                                    _handle: wit._handle{},
                                },
                                Owner:      nil,
                                Docs:       wit.Docs{},
                                _worldItem: wit._worldItem{},
                                _type:      wit._type{},
                            },
                        },
                    },
                    Results:    nil,
                    Docs:       wit.Docs{},
                    _worldItem: wit._worldItem{},
                },
                "t2": &wit.Function{
                    Name:   "t2",
                    Kind:   &wit.Freestanding{},
                    Params: {
                        {
                            Name: "a",
                            Type: &wit.TypeDef{
                                Name: (*string)(nil),
                                Kind: &wit.OwnHandle{
                                    Type:    &wit.TypeDef{(CYCLIC REFERENCE)},
                                    _handle: wit._handle{},
                                },
                                Owner:      nil,
                                Docs:       wit.Docs{},
                                _worldItem: wit._worldItem{},
                                _type:      wit._type{},
                            },
                        },
                    },
                    Results:    nil,
                    Docs:       wit.Docs{},
                    _worldItem: wit._worldItem{},
                },
            },
            Package: &wit.Package{
                Name: wit.PackageName{
                    Namespace: "foo",
                    Name:      "resources-multiple",
                    Version:   (*semver.Version)(nil),
                },
                Interfaces: {
                    "resources-multiple": &wit.Interface{(CYCLIC REFERENCE)},
                },
                Worlds: {},
                Docs:   wit.Docs{},
            },
            Docs:       wit.Docs{},
            _worldItem: wit._worldItem{},
            _typeOwner: wit._typeOwner{},
        },
    },
    TypeDefs: {
        &wit.TypeDef{
            Name:       &"r1",
            Kind:       nil,
            Owner:      &wit.Interface{(CYCLIC REFERENCE)},
            Docs:       wit.Docs{},
            _worldItem: wit._worldItem{},
            _type:      wit._type{},
        },
        &wit.TypeDef{
            Name: (*string)(nil),
            Kind: &wit.BorrowHandle{
                Type:    &wit.TypeDef{(CYCLIC REFERENCE)},
                _handle: wit._handle{},
            },
            Owner:      nil,
            Docs:       wit.Docs{},
            _worldItem: wit._worldItem{},
            _type:      wit._type{},
        },
        &wit.TypeDef{
            Name: (*string)(nil),
            Kind: &wit.Tuple{
                Types: {
                    wit.U32Type{},
                    wit.U32Type{},
                },
                _typeDefKind: wit._typeDefKind{},
            },
            Owner:      nil,
            Docs:       wit.Docs{},
            _worldItem: wit._worldItem{},
            _type:      wit._type{},
        },
        &wit.TypeDef{
            Name: (*string)(nil),
            Kind: &wit.Option{
                Type:         wit.U32Type{},
                _typeDefKind: wit._typeDefKind{},
            },
            Owner:      nil,
            Docs:       wit.Docs{},
            _worldItem: wit._worldItem{},
            _type:      wit._type{},
        },
        &wit.TypeDef{
            Name: (*string)(nil),
            Kind: &wit.Result{
                OK:           wit.U32Type{},
                Err:          wit.Float32Type{},
                _typeDefKind: wit._typeDefKind{},
            },
            Owner:      nil,
            Docs:       wit.Docs{},
            _worldItem: wit._worldItem{},
            _type:      wit._type{},
        },
        &wit.TypeDef{
            Name: (*string)(nil),
            Kind: &wit.OwnHandle{
                Type:    &wit.TypeDef{(CYCLIC REFERENCE)},
                _handle: wit._handle{},
            },
            Owner:      nil,
            Docs:       wit.Docs{},
            _worldItem: wit._worldItem{},
            _type:      wit._type{},
        },
    },
    Packages: {
        &wit.Package{
            Name: wit.PackageName{
                Namespace: "foo",
                Name:      "resources-multiple",
                Version:   (*semver.Version)(nil),
            },
            Interfaces: {
                "resources-multiple": &wit.Interface{(CYCLIC REFERENCE)},
            },
            Worlds: {},
            Docs:   wit.Docs{},
        },
    },
}