&wit.Resolve{
    Worlds: {
        &wit.World{
            Name:      "xo",
            Imports:   {},
            Exports:   {},
            Package:   (*wit.Package)(nil),
            Docs:      wit.Docs{},
            typeOwner: wit.typeOwner{},
        },
        &wit.World{
            Name:      "name",
            Imports:   {},
            Exports:   {},
            Package:   (*wit.Package)(nil),
            Docs:      wit.Docs{},
            typeOwner: wit.typeOwner{},
        },
        &wit.World{
            Name:      "x",
            Imports:   {},
            Exports:   {},
            Package:   (*wit.Package)(nil),
            Docs:      wit.Docs{},
            typeOwner: wit.typeOwner{},
        },
    },
    Interfaces: nil,
    TypeDefs:   nil,
    Packages:   {
        &wit.Package{
            Name: wit.PackageName{
                Namespace: "foo",
                Name:      "bar",
                Version:   (*semver.Version)(nil),
            },
            Interfaces: {},
            Worlds:     {
                "name": &wit.World{(CYCLIC REFERENCE)},
                "x":    &wit.World{(CYCLIC REFERENCE)},
                "xo":   &wit.World{(CYCLIC REFERENCE)},
            },
            Docs: wit.Docs{},
        },
    },
}