&wit.Resolve{
  Worlds: []*wit.World{
    &wit.World{
      Name:    "foo",
      Imports: map[string]wit.WorldItem{
        "interface-0": &wit.Interface{
          Name:     &"shared-items",
          TypeDefs: map[string]*wit.TypeDef{
            "a": &wit.TypeDef{
              Name:  &"a",
              Kind:  wit.U32{},
              Owner: &wit.Interface{...},
              Docs:  wit.Docs{
                Contents: "",
              },
            },
          },
          Functions: map[string]*wit.Function{},
          Package:   &wit.Package{
            Name: wit.PackageName{
              Namespace: "foo",
              Name:      "foo",
              Version:   (*semver.Version)(nil),
            },
            Interfaces: map[string]*wit.Interface{
              "shared-items": &wit.Interface{...},
            },
            Worlds: map[string]*wit.World{
              "foo": &wit.World{...},
            },
            Docs: wit.Docs{
              Contents: "",
            },
          },
          Docs: wit.Docs{
            Contents: "",
          },
        },
        "shared-items": &wit.Interface{
          Name:      (*string)(nil),
          TypeDefs:  map[string]*wit.TypeDef{},
          Functions: map[string]*wit.Function{},
          Package:   &wit.Package{...},
          Docs:      wit.Docs{
            Contents: "",
          },
        },
      },
      Exports: map[string]wit.WorldItem{
        "a-name": &wit.Interface{
          Name:     (*string)(nil),
          TypeDefs: map[string]*wit.TypeDef{
            "a": &wit.TypeDef{
              Name:  &"a",
              Kind:  &wit.TypeDef{...},
              Owner: &wit.Interface{...},
              Docs:  wit.Docs{
                Contents: "",
              },
            },
          },
          Functions: map[string]*wit.Function{},
          Package:   &wit.Package{...},
          Docs:      wit.Docs{
            Contents: "",
          },
        },
      },
      Package: (*wit.Package)(nil),
      Docs:    wit.Docs{
        Contents: "",
      },
    },
  },
  Interfaces: []*wit.Interface{
    &wit.Interface{...},
    &wit.Interface{...},
    &wit.Interface{...},
  },
  TypeDefs: []*wit.TypeDef{
    &wit.TypeDef{...},
    &wit.TypeDef{...},
  },
  Packages: []*wit.Package{
    &wit.Package{...},
  },
}