&wit.Resolve{
    Worlds: {
        &wit.World{
            Name:    "w",
            Imports: {
                "g": &wit.TypeDef{
                    Name: &"g",
                    Kind: &wit.TypeDef{
                        Name:  &"g",
                        Kind:  wit.CharType{},
                        Owner: &wit.Interface{
                            Name:     &"foo",
                            TypeDefs: {
                                "g": &wit.TypeDef{(CYCLIC REFERENCE)},
                            },
                            Functions: {},
                            Package:   &wit.Package{
                                Name: wit.PackageName{
                                    Namespace: "foo",
                                    Name:      "foo",
                                    Version:   (*semver.Version)(nil),
                                },
                                Interfaces: {
                                    "foo": &wit.Interface{(CYCLIC REFERENCE)},
                                },
                                Worlds: {
                                    "w": &wit.World{(CYCLIC REFERENCE)},
                                },
                                Docs: wit.Docs{},
                            },
                            Docs:       wit.Docs{},
                            _worldItem: wit._worldItem{},
                            _typeOwner: wit._typeOwner{},
                        },
                        Docs:       wit.Docs{},
                        _worldItem: wit._worldItem{},
                        _type:      wit._type{},
                    },
                    Owner:      &wit.World{(CYCLIC REFERENCE)},
                    Docs:       wit.Docs{},
                    _worldItem: wit._worldItem{},
                    _type:      wit._type{},
                },
                "interface-0": &wit.Interface{
                    Name:     &"foo",
                    TypeDefs: {
                        "g": &wit.TypeDef{
                            Name:       &"g",
                            Kind:       wit.CharType{},
                            Owner:      &wit.Interface{(CYCLIC REFERENCE)},
                            Docs:       wit.Docs{},
                            _worldItem: wit._worldItem{},
                            _type:      wit._type{},
                        },
                    },
                    Functions: {},
                    Package:   &wit.Package{
                        Name: wit.PackageName{
                            Namespace: "foo",
                            Name:      "foo",
                            Version:   (*semver.Version)(nil),
                        },
                        Interfaces: {
                            "foo": &wit.Interface{(CYCLIC REFERENCE)},
                        },
                        Worlds: {
                            "w": &wit.World{(CYCLIC REFERENCE)},
                        },
                        Docs: wit.Docs{},
                    },
                    Docs:       wit.Docs{},
                    _worldItem: wit._worldItem{},
                    _typeOwner: wit._typeOwner{},
                },
            },
            Exports: {
                "foo": &wit.Function{
                    Name:    "foo",
                    Kind:    &wit.Freestanding{},
                    Params:  nil,
                    Results: {
                        {
                            Name: "",
                            Type: &wit.TypeDef{(CYCLIC REFERENCE)},
                        },
                    },
                    Docs:       wit.Docs{},
                    _worldItem: wit._worldItem{},
                },
            },
            Package:    (*wit.Package)(nil),
            Docs:       wit.Docs{},
            _typeOwner: wit._typeOwner{},
        },
    },
    Interfaces: {
        &wit.Interface{
            Name:     &"foo",
            TypeDefs: {
                "g": &wit.TypeDef{
                    Name:       &"g",
                    Kind:       wit.CharType{},
                    Owner:      &wit.Interface{(CYCLIC REFERENCE)},
                    Docs:       wit.Docs{},
                    _worldItem: wit._worldItem{},
                    _type:      wit._type{},
                },
            },
            Functions: {},
            Package:   &wit.Package{
                Name: wit.PackageName{
                    Namespace: "foo",
                    Name:      "foo",
                    Version:   (*semver.Version)(nil),
                },
                Interfaces: {
                    "foo": &wit.Interface{(CYCLIC REFERENCE)},
                },
                Worlds: {
                    "w": &wit.World{(CYCLIC REFERENCE)},
                },
                Docs: wit.Docs{},
            },
            Docs:       wit.Docs{},
            _worldItem: wit._worldItem{},
            _typeOwner: wit._typeOwner{},
        },
    },
    TypeDefs: {
        &wit.TypeDef{
            Name:       &"g",
            Kind:       wit.CharType{},
            Owner:      &wit.Interface{(CYCLIC REFERENCE)},
            Docs:       wit.Docs{},
            _worldItem: wit._worldItem{},
            _type:      wit._type{},
        },
        &wit.TypeDef{
            Name:       &"g",
            Kind:       &wit.TypeDef{(CYCLIC REFERENCE)},
            Owner:      &wit.World{(CYCLIC REFERENCE)},
            Docs:       wit.Docs{},
            _worldItem: wit._worldItem{},
            _type:      wit._type{},
        },
    },
    Packages: {
        &wit.Package{
            Name: wit.PackageName{
                Namespace: "foo",
                Name:      "foo",
                Version:   (*semver.Version)(nil),
            },
            Interfaces: {
                "foo": &wit.Interface{(CYCLIC REFERENCE)},
            },
            Worlds: {
                "w": &wit.World{(CYCLIC REFERENCE)},
            },
            Docs: wit.Docs{},
        },
    },
}