&wit.Resolve{
  Worlds: []*wit.World{
    &wit.World{
      Name:    "my-world-a",
      Imports: map[string]wit.WorldItem{
        "interface-0": &wit.Interface{
          Name:      &"a1",
          TypeDefs:  map[string]*wit.TypeDef{},
          Functions: map[string]*wit.Function{},
          Package:   &wit.Package{
            Name: wit.PackageName{
              Namespace: "foo",
              Name:      "foo",
              Version:   (*semver.Version)(nil),
            },
            Interfaces: map[string]*wit.Interface{
              "a1": &wit.Interface{...},
              "a2": &wit.Interface{
                Name:      &"a2",
                TypeDefs:  map[string]*wit.TypeDef{},
                Functions: map[string]*wit.Function{},
                Package:   &wit.Package{...},
                Docs:      wit.Docs{
                  Contents: "",
                },
              },
              "b1": &wit.Interface{
                Name:      &"b1",
                TypeDefs:  map[string]*wit.TypeDef{},
                Functions: map[string]*wit.Function{},
                Package:   &wit.Package{...},
                Docs:      wit.Docs{
                  Contents: "",
                },
              },
              "b2": &wit.Interface{
                Name:      &"b2",
                TypeDefs:  map[string]*wit.TypeDef{},
                Functions: map[string]*wit.Function{},
                Package:   &wit.Package{...},
                Docs:      wit.Docs{
                  Contents: "",
                },
              },
              "c": &wit.Interface{
                Name:      &"c",
                TypeDefs:  map[string]*wit.TypeDef{},
                Functions: map[string]*wit.Function{},
                Package:   &wit.Package{...},
                Docs:      wit.Docs{
                  Contents: "",
                },
              },
              "d": &wit.Interface{
                Name:      &"d",
                TypeDefs:  map[string]*wit.TypeDef{},
                Functions: map[string]*wit.Function{},
                Package:   &wit.Package{...},
                Docs:      wit.Docs{
                  Contents: "",
                },
              },
            },
            Worlds: map[string]*wit.World{
              "my-world-a": &wit.World{...},
              "my-world-b": &wit.World{
                Name:    "my-world-b",
                Imports: map[string]wit.WorldItem{
                  "interface-0": &wit.Interface{...},
                  "interface-2": &wit.Interface{...},
                },
                Exports: map[string]wit.WorldItem{},
                Package: &wit.Package{...},
                Docs:    wit.Docs{
                  Contents: "",
                },
              },
              "union-my-world": &wit.World{
                Name:    "union-my-world",
                Imports: map[string]wit.WorldItem{
                  "interface-0": &wit.Interface{...},
                  "interface-2": &wit.Interface{...},
                },
                Exports: map[string]wit.WorldItem{},
                Package: &wit.Package{...},
                Docs:    wit.Docs{
                  Contents: "",
                },
              },
            },
            Docs: wit.Docs{
              Contents: "",
            },
          },
          Docs: wit.Docs{
            Contents: "",
          },
        },
        "interface-2": &wit.Interface{...},
      },
      Exports: map[string]wit.WorldItem{},
      Package: &wit.Package{...},
      Docs:    wit.Docs{
        Contents: "",
      },
    },
    &wit.World{...},
    &wit.World{...},
  },
  Interfaces: []*wit.Interface{
    &wit.Interface{...},
    &wit.Interface{...},
    &wit.Interface{...},
    &wit.Interface{...},
    &wit.Interface{...},
    &wit.Interface{...},
  },
  TypeDefs: []*wit.TypeDef(nil),
  Packages: []*wit.Package{
    &wit.Package{...},
  },
}